###############################################################################
#                                                                             #
# IAR ELF Linker V5.40.5.51622/W32 for ARM              25/Nov/2015  10:41:50 #
# Copyright (C) 2007-2009 IAR Systems AB.                                     #
#                                                                             #
#    Output file  =  D:\Documents\Academics\ELEC3300\Lab\SmartHouse-System\Pr #
#                    oject\EWARMv5\STM3210E debug\Exe\STM3210E-EVAL.out       #
#    Map file     =  D:\Documents\Academics\ELEC3300\Lab\SmartHouse-System\Pr #
#                    oject\EWARMv5\STM3210E debug\List\STM3210E-EVAL.map      #
#    Command line =  "D:\Documents\Academics\ELEC3300\Lab\SmartHouse-System\P #
#                    roject\EWARMv5\STM3210E debug\Obj\app.o"                 #
#                    "D:\Documents\Academics\ELEC3300\Lab\SmartHouse-System\P #
#                    roject\EWARMv5\STM3210E debug\Obj\bsp.o"                 #
#                    "D:\Documents\Academics\ELEC3300\Lab\SmartHouse-System\P #
#                    roject\EWARMv5\STM3210E debug\Obj\core_cm3.o"            #
#                    "D:\Documents\Academics\ELEC3300\Lab\SmartHouse-System\P #
#                    roject\EWARMv5\STM3210E debug\Obj\fingerprint.o"         #
#                    "D:\Documents\Academics\ELEC3300\Lab\SmartHouse-System\P #
#                    roject\EWARMv5\STM3210E debug\Obj\lcd.o"                 #
#                    "D:\Documents\Academics\ELEC3300\Lab\SmartHouse-System\P #
#                    roject\EWARMv5\STM3210E debug\Obj\main.o"                #
#                    "D:\Documents\Academics\ELEC3300\Lab\SmartHouse-System\P #
#                    roject\EWARMv5\STM3210E debug\Obj\misc.o"                #
#                    "D:\Documents\Academics\ELEC3300\Lab\SmartHouse-System\P #
#                    roject\EWARMv5\STM3210E debug\Obj\os_core.o"             #
#                    "D:\Documents\Academics\ELEC3300\Lab\SmartHouse-System\P #
#                    roject\EWARMv5\STM3210E debug\Obj\os_cpu_a.o"            #
#                    "D:\Documents\Academics\ELEC3300\Lab\SmartHouse-System\P #
#                    roject\EWARMv5\STM3210E debug\Obj\os_cpu_c.o"            #
#                    "D:\Documents\Academics\ELEC3300\Lab\SmartHouse-System\P #
#                    roject\EWARMv5\STM3210E debug\Obj\os_dbg.o"              #
#                    "D:\Documents\Academics\ELEC3300\Lab\SmartHouse-System\P #
#                    roject\EWARMv5\STM3210E debug\Obj\os_flag.o"             #
#                    "D:\Documents\Academics\ELEC3300\Lab\SmartHouse-System\P #
#                    roject\EWARMv5\STM3210E debug\Obj\os_mbox.o"             #
#                    "D:\Documents\Academics\ELEC3300\Lab\SmartHouse-System\P #
#                    roject\EWARMv5\STM3210E debug\Obj\os_mem.o"              #
#                    "D:\Documents\Academics\ELEC3300\Lab\SmartHouse-System\P #
#                    roject\EWARMv5\STM3210E debug\Obj\os_mutex.o"            #
#                    "D:\Documents\Academics\ELEC3300\Lab\SmartHouse-System\P #
#                    roject\EWARMv5\STM3210E debug\Obj\os_q.o"                #
#                    "D:\Documents\Academics\ELEC3300\Lab\SmartHouse-System\P #
#                    roject\EWARMv5\STM3210E debug\Obj\os_sem.o"              #
#                    "D:\Documents\Academics\ELEC3300\Lab\SmartHouse-System\P #
#                    roject\EWARMv5\STM3210E debug\Obj\os_task.o"             #
#                    "D:\Documents\Academics\ELEC3300\Lab\SmartHouse-System\P #
#                    roject\EWARMv5\STM3210E debug\Obj\os_time.o"             #
#                    "D:\Documents\Academics\ELEC3300\Lab\SmartHouse-System\P #
#                    roject\EWARMv5\STM3210E debug\Obj\os_tmr.o"              #
#                    "D:\Documents\Academics\ELEC3300\Lab\SmartHouse-System\P #
#                    roject\EWARMv5\STM3210E debug\Obj\startup_stm32f10x_hd.o #
#                    " "D:\Documents\Academics\ELEC3300\Lab\SmartHouse-System #
#                    \Project\EWARMv5\STM3210E debug\Obj\stm32f10x_adc.o"     #
#                    "D:\Documents\Academics\ELEC3300\Lab\SmartHouse-System\P #
#                    roject\EWARMv5\STM3210E debug\Obj\stm32f10x_exti.o"      #
#                    "D:\Documents\Academics\ELEC3300\Lab\SmartHouse-System\P #
#                    roject\EWARMv5\STM3210E debug\Obj\stm32f10x_fsmc.o"      #
#                    "D:\Documents\Academics\ELEC3300\Lab\SmartHouse-System\P #
#                    roject\EWARMv5\STM3210E debug\Obj\stm32f10x_gpio.o"      #
#                    "D:\Documents\Academics\ELEC3300\Lab\SmartHouse-System\P #
#                    roject\EWARMv5\STM3210E debug\Obj\stm32f10x_it.o"        #
#                    "D:\Documents\Academics\ELEC3300\Lab\SmartHouse-System\P #
#                    roject\EWARMv5\STM3210E debug\Obj\stm32f10x_rcc.o"       #
#                    "D:\Documents\Academics\ELEC3300\Lab\SmartHouse-System\P #
#                    roject\EWARMv5\STM3210E debug\Obj\stm32f10x_tim.o"       #
#                    "D:\Documents\Academics\ELEC3300\Lab\SmartHouse-System\P #
#                    roject\EWARMv5\STM3210E debug\Obj\stm32f10x_usart.o"     #
#                    "D:\Documents\Academics\ELEC3300\Lab\SmartHouse-System\P #
#                    roject\EWARMv5\STM3210E debug\Obj\system_stm32f10x.o"    #
#                    -o "D:\Documents\Academics\ELEC3300\Lab\SmartHouse-Syste #
#                    m\Project\EWARMv5\STM3210E debug\Exe\STM3210E-EVAL.out"  #
#                    --map "D:\Documents\Academics\ELEC3300\Lab\SmartHouse-Sy #
#                    stem\Project\EWARMv5\STM3210E                            #
#                    debug\List\STM3210E-EVAL.map" --config                   #
#                    D:\Documents\Academics\ELEC3300\Lab\SmartHouse-System\Pr #
#                    oject\EWARMv5\STM32F10x_FLASH.icf --semihosting --entry  #
#                    __iar_program_start                                      #
#                                                                             #
#                                                                             #
###############################################################################

*******************************************************************************
*** RUNTIME MODEL ATTRIBUTES
***

__endian      = little
__thumb_aware = enabled


*******************************************************************************
*** PLACEMENT SUMMARY
***

"A1":  place at 0x08000000 { ro section .intvec };
"P1":  place in [from 0x08000000 to 0x0807ffff] { ro };
"P2":  place in [from 0x20000000 to 0x2000ffff] {
          rw, block CSTACK, block HEAP };

  Section            Kind        Address    Size  Object
  -------            ----        -------    ----  ------
"A1":                                      0x130
  .intvec            ro code  0x08000000   0x130  startup_stm32f10x_hd.o [1]
                            - 0x08000130   0x130

"P1":                                     0x4dff
  .text              ro code  0x08000130  0x100e  xprintffull.o [3]
  .text              ro code  0x08001140   0x724  os_core.o [1]
  .text              ro code  0x08001864   0x48a  app.o [1]
  .text              ro code  0x08001cf0   0x434  bsp.o [1]
  .text              ro code  0x08002124   0x3dc  fingerprint.o [1]
  .text              ro code  0x08002500   0x390  os_task.o [1]
  .text              ro code  0x08002890   0x334  stm32f10x_rcc.o [1]
  .text              ro code  0x08002bc4   0x26c  lcd.o [1]
  .text              ro code  0x08002e30   0x246  DblDiv.o [4]
  .text              ro code  0x08003078   0x1a4  stm32f10x_gpio.o [1]
  .text              ro code  0x0800321c   0x1a2  DblMul.o [4]
  .text              ro code  0x080033c0   0x192  stm32f10x_usart.o [1]
  .text              ro code  0x08003554   0x17e  DblSub.o [4]
  .text              ro code  0x080036d4   0x16a  stm32f10x_adc.o [1]
  .text              ro code  0x08003840   0x150  system_stm32f10x.o [1]
  .text              ro code  0x08003990   0x134  os_time.o [1]
  .text              ro code  0x08003ac4   0x12e  I64DivMod.o [4]
  .text              ro code  0x08003bf4   0x114  stm32f10x_fsmc.o [1]
  .text              ro code  0x08003d08   0x10c  xdscale.o [3]
  .rodata            const    0x08003e14   0x100  os_core.o [1]
  .text              ro code  0x08003f14    0xe8  stm32f10x_it.o [1]
  .text              ro code  0x08003ffc    0xe6  DblAdd.o [4]
  .text              ro code  0x080040e4    0xbc  xxmemxmalloc.o [3]
  .text              ro code  0x080041a0    0xb4  xdnorm.o [3]
  .text              ro code  0x08004254    0xac  os_cpu_c.o [1]
  CODE               ro code  0x08004300    0xa0  os_cpu_a.o [1]
  .text              ro code  0x080043a0    0x94  packbits_init2.o [4]
  .text              ro code  0x08004434    0x8c  xsyslock.o [3]
  .text              ro code  0x080044c0    0x88  misc.o [1]
  .text              ro code  0x08004548    0x88  xxmemxfree.o [3]
  .text              ro code  0x080045d0    0x70  ABImemcpy.o [4]
  .text              ro code  0x08004640    0x6c  cppinit.o [3]
  .text              ro code  0x080046ac    0x58  memchr.o [4]
  .text              ro code  0x08004704    0x56  DblToI32.o [4]
  .text              ro code  0x0800475c    0x54  os_flag.o [1]
  .text              ro code  0x080047b0    0x54  xencoding_sb.o [3]
  .rodata            const    0x08004804    0x48  xlocale_c.o [3]
  .text              ro code  0x0800484c    0x36  strlen.o [4]
  .text              ro code  0x08004884    0x30  MtxWrapper.o [3]
  .text              ro code  0x080048b4    0x2e  DblCmpLe.o [4]
  .text              ro code  0x080048e4    0x2e  DblCmpGe.o [4]
  .text              ro code  0x08004914    0x2e  I32ToDbl.o [4]
  .text              ro code  0x08004944    0x2c  main.o [1]
  .text              ro code  0x08004970    0x2c  strncmp.o [3]
  .text              ro code  0x0800499c    0x28  xgetmemchunk.o [3]
  .rodata            const    0x080049c4    0x24  app.o [1]
  .rodata            const    0x080049e8    0x24  app.o [1]
  .rodata            const    0x08004a0c    0x24  app.o [1]
  .iar.init_table    const    0x08004a30    0x2c  - Linker created -
  .rodata            const    0x08004a5c    0x20  app.o [1]
  .text              ro code  0x08004a7c    0x20  printf.o [3]
  .text              ro code  0x08004a9c    0x20  data_init2.o [4]
  .text              ro code  0x08004abc    0x20  xmbtowc.o [3]
  .text              ro code  0x08004adc    0x1c  startup_stm32f10x_hd.o [1]
  .text              ro code  0x08004af8    0x1c  iarwstd.o [5]
  .text              ro code  0x08004b14    0x1a  xwctomb.o [3]
  .text              ro code  0x08004b2e    0x1a  zero_init2.o [4]
  .rodata            const    0x08004b48    0x18  app.o [1]
  .rodata            const    0x08004b60    0x18  app.o [1]
  .rodata            const    0x08004b78    0x18  app.o [1]
  .rodata            const    0x08004b90    0x18  app.o [1]
  .rodata            const    0x08004ba8    0x18  app.o [1]
  .text              ro code  0x08004bc0    0x18  cmain.o [4]
  .text              ro code  0x08004bd8    0x16  strchr.o [4]
  .text              ro code  0x08004bee    0x16  xprout.o [3]
  .rodata            const    0x08004c04    0x14  app.o [1]
  .rodata            const    0x08004c18    0x14  app.o [1]
  .rodata            const    0x08004c2c    0x14  app.o [1]
  .text              ro code  0x08004c40    0x14  localeconv.o [3]
  .text              ro code  0x08004c54    0x14  exit.o [5]
  .text              ro code  0x08004c68    0x14  setlocale.o [3]
  .rodata            const    0x08004c7c    0x10  app.o [1]
  .rodata            const    0x08004c8c    0x10  app.o [1]
  .rodata            const    0x08004c9c    0x10  app.o [1]
  .rodata            const    0x08004cac    0x10  os_core.o [1]
  .rodata            const    0x08004cbc    0x10  os_core.o [1]
  .rodata            const    0x08004ccc    0x10  xprintffull.o [3]
  .text              ro code  0x08004cdc     0xe  cexit.o [4]
  .text              ro code  0x08004cea     0xe  div.o [3]
  .rodata            const    0x08004cf8     0xc  app.o [1]
  .rodata            const    0x08004d04     0xc  app.o [1]
  .rodata            const    0x08004d10     0xc  app.o [1]
  .text              ro code  0x08004d1c     0xc  putchar.o [3]
  .text              ro code  0x08004d28     0xa  xmbcurmax.o [3]
  .rodata            const    0x08004d34     0x8  app.o [1]
  .rodata            const    0x08004d3c     0x8  xprintffull.o [3]
  .rodata            const    0x08004d44     0x8  localeconv.o [3]
  .rodata            const    0x08004d4c     0x8  localeconv.o [3]
  .rodata            const    0x08004d54     0x8  xencoding_sb.o [3]
  .rodata            const    0x08004d5c     0x8  xencoding_sb.o [3]
  .rodata            const    0x08004d64     0x8  xlocale_c.o [3]
  .rodata            const    0x08004d6c     0x8  xlocale_c.o [3]
  .text              ro code  0x08004d74     0x6  exit.o [3]
  .rodata            const    0x08004d7c     0x4  system_stm32f10x.o [1]
  .text              ro code  0x08004d80     0x2  I64DivZer.o [4]
  .text              ro code  0x08004d82     0x4  startup_stm32f10x_hd.o [1]
  .text              ro code  0x08004d86     0x4  startup_stm32f10x_hd.o [1]
  .text              ro code  0x08004d8a     0x4  startup_stm32f10x_hd.o [1]
  .text              ro code  0x08004d8e     0x4  startup_stm32f10x_hd.o [1]
  .text              ro code  0x08004d92     0x4  startup_stm32f10x_hd.o [1]
  .text              ro code  0x08004d96     0x4  startup_stm32f10x_hd.o [1]
  .text              ro code  0x08004d9a     0x4  startup_stm32f10x_hd.o [1]
  .text              ro code  0x08004d9e     0x4  startup_stm32f10x_hd.o [1]
  .text              ro code  0x08004da2     0x4  startup_stm32f10x_hd.o [1]
  .text              ro code  0x08004da6     0x4  startup_stm32f10x_hd.o [1]
  .text              ro code  0x08004daa     0x4  startup_stm32f10x_hd.o [1]
  .text              ro code  0x08004dae     0x4  startup_stm32f10x_hd.o [1]
  .text              ro code  0x08004db2     0x4  startup_stm32f10x_hd.o [1]
  .text              ro code  0x08004db6     0x4  startup_stm32f10x_hd.o [1]
  .text              ro code  0x08004dba     0x4  startup_stm32f10x_hd.o [1]
  .text              ro code  0x08004dbe     0x4  startup_stm32f10x_hd.o [1]
  .text              ro code  0x08004dc2     0x4  startup_stm32f10x_hd.o [1]
  .text              ro code  0x08004dc6     0x4  startup_stm32f10x_hd.o [1]
  .text              ro code  0x08004dca     0x4  startup_stm32f10x_hd.o [1]
  .text              ro code  0x08004dce     0x4  startup_stm32f10x_hd.o [1]
  .text              ro code  0x08004dd2     0x4  startup_stm32f10x_hd.o [1]
  .text              ro code  0x08004dd6     0x4  startup_stm32f10x_hd.o [1]
  .text              ro code  0x08004dda     0x4  startup_stm32f10x_hd.o [1]
  .text              ro code  0x08004dde     0x4  startup_stm32f10x_hd.o [1]
  .text              ro code  0x08004de2     0x4  startup_stm32f10x_hd.o [1]
  .text              ro code  0x08004de6     0x4  startup_stm32f10x_hd.o [1]
  .text              ro code  0x08004dea     0x4  startup_stm32f10x_hd.o [1]
  .text              ro code  0x08004dee     0x4  startup_stm32f10x_hd.o [1]
  .text              ro code  0x08004df2     0x4  startup_stm32f10x_hd.o [1]
  .text              ro code  0x08004df6     0x4  startup_stm32f10x_hd.o [1]
  .text              ro code  0x08004dfa     0x4  startup_stm32f10x_hd.o [1]
  .text              ro code  0x08004dfe     0x4  startup_stm32f10x_hd.o [1]
  .text              ro code  0x08004e02     0x4  startup_stm32f10x_hd.o [1]
  .text              ro code  0x08004e06     0x4  startup_stm32f10x_hd.o [1]
  .text              ro code  0x08004e0a     0x4  startup_stm32f10x_hd.o [1]
  .text              ro code  0x08004e0e     0x4  startup_stm32f10x_hd.o [1]
  .text              ro code  0x08004e12     0x4  startup_stm32f10x_hd.o [1]
  .text              ro code  0x08004e16     0x4  startup_stm32f10x_hd.o [1]
  .text              ro code  0x08004e1a     0x4  startup_stm32f10x_hd.o [1]
  .text              ro code  0x08004e1e     0x4  startup_stm32f10x_hd.o [1]
  .text              ro code  0x08004e22     0x4  startup_stm32f10x_hd.o [1]
  .text              ro code  0x08004e26     0x4  startup_stm32f10x_hd.o [1]
  .text              ro code  0x08004e2a     0x4  startup_stm32f10x_hd.o [1]
  .text              ro code  0x08004e2e     0x4  startup_stm32f10x_hd.o [1]
  .text              ro code  0x08004e32     0x4  startup_stm32f10x_hd.o [1]
  .text              ro code  0x08004e36     0x4  startup_stm32f10x_hd.o [1]
  .text              ro code  0x08004e3a     0x4  startup_stm32f10x_hd.o [1]
  .text              ro code  0x08004e3e     0x4  startup_stm32f10x_hd.o [1]
  .text              ro code  0x08004e42     0x4  startup_stm32f10x_hd.o [1]
  .text              ro code  0x08004e46     0x4  startup_stm32f10x_hd.o [1]
  .text              ro code  0x08004e4a     0x4  startup_stm32f10x_hd.o [1]
  .text              ro code  0x08004e4e     0x4  startup_stm32f10x_hd.o [1]
  .text              ro code  0x08004e52     0x4  startup_stm32f10x_hd.o [1]
  .text              ro code  0x08004e56     0x4  startup_stm32f10x_hd.o [1]
  .text              ro code  0x08004e5a     0x4  startup_stm32f10x_hd.o [1]
  .text              ro code  0x08004e5e     0x4  startup_stm32f10x_hd.o [1]
  .text              ro code  0x08004e62     0x4  startup_stm32f10x_hd.o [1]
  .text              ro code  0x08004e66     0x4  startup_stm32f10x_hd.o [1]
  .text              ro code  0x08004e6a     0x4  startup_stm32f10x_hd.o [1]
  .text              ro code  0x08004e6e     0x4  startup_stm32f10x_hd.o [1]
  .text              ro code  0x08004e72     0x4  startup_stm32f10x_hd.o [1]
  .text              ro code  0x08004e76     0x4  startup_stm32f10x_hd.o [1]
  .text              ro code  0x08004e7a     0x4  startup_stm32f10x_hd.o [1]
  .text              ro code  0x08004e7e     0x4  startup_stm32f10x_hd.o [1]
  .text              ro code  0x08004e82     0x4  startup_stm32f10x_hd.o [1]
  .text              ro code  0x08004e86     0x4  startup_stm32f10x_hd.o [1]
  .text              ro code  0x08004e8a     0x4  startup_stm32f10x_hd.o [1]
  .text              ro code  0x08004e8e     0x4  startup_stm32f10x_hd.o [1]
  .text              ro code  0x08004e92     0x4  startup_stm32f10x_hd.o [1]
  .rodata            const    0x08004e96     0x2  localeconv.o [3]
  .rodata            const    0x08004e98     0x2  xlocale_c.o [3]
  .rodata            const    0x08004e9a     0x1  localeconv.o [3]
  .rodata            const    0x08004e9b     0x1  setlocale.o [3]
  .rodata            const    0x08004e9c     0x1  xlocale_c.o [3]
  Initializer bytes  ro data  0x08004e9d    0x92  <for P2 s0>
                            - 0x08004f2f  0x4dff

"P2", part 1 of 3:                         0x7d4
  CSTACK                      0x20000000   0x400  <Block>
    CSTACK           uninit   0x20000000   0x400  <Block tail>
  HEAP                        0x20000400   0x200  <Block>
    HEAP             uninit   0x20000400   0x200  <Block tail>
  .iar.dynexit                0x20000600   0x1d4  <Block>
    .iar.dynexit     uninit   0x20000600     0xc  cppinit.o [3]
    .iar.dynexit     uninit   0x2000060c   0x1c8  <Block tail>
                            - 0x200007d4   0x7d4

"P2", part 2 of 3:                        0x19b8
  .bss               zero     0x200007d4   0x678  os_core.o [1]
  .bss               zero     0x20000e4c   0x500  main.o [1]
  .bss               zero     0x2000134c   0x320  app.o [1]
  .bss               zero     0x2000166c   0x200  os_core.o [1]
  .bss               zero     0x2000186c   0x200  os_core.o [1]
  .bss               zero     0x20001a6c   0x140  app.o [1]
  .bss               zero     0x20001bac   0x140  app.o [1]
  .bss               zero     0x20001cec   0x140  app.o [1]
  .bss               zero     0x20001e2c   0x140  os_core.o [1]
  .bss               zero     0x20001f6c    0x8c  os_core.o [1]
  .bss               zero     0x20001ff8    0x80  os_core.o [1]
  .bss               zero     0x20002078    0x50  xfiles.o [3]
  .bss               zero     0x200020c8    0x34  app.o [1]
  .bss               zero     0x200020fc    0x14  xsyslock.o [3]
  .bss               zero     0x20002110     0xc  fingerprint.o [1]
  .bss               zero     0x2000211c     0xc  fingerprint.o [1]
  .bss               zero     0x20002128     0x8  xxmemxmalloc.o [3]
  .bss               zero     0x20002130     0x4  os_core.o [1]
  .bss               zero     0x20002134     0x4  os_core.o [1]
  .bss               zero     0x20002138     0x4  os_core.o [1]
  .bss               zero     0x2000213c     0x4  os_core.o [1]
  .bss               zero     0x20002140     0x4  os_core.o [1]
  .bss               zero     0x20002144     0x4  os_core.o [1]
  .bss               zero     0x20002148     0x4  os_core.o [1]
  .bss               zero     0x2000214c     0x4  os_core.o [1]
  .bss               zero     0x20002150     0x4  os_core.o [1]
  .bss               zero     0x20002154     0x4  os_core.o [1]
  .bss               zero     0x20002158     0x4  os_core.o [1]
  .bss               zero     0x2000215c     0x4  os_core.o [1]
  .bss               zero     0x20002160     0x4  xgetmemchunk.o [3]
  .bss               zero     0x20002164     0x4  MtxWrapper.o [3]
  .bss               zero     0x20002168     0x4  MtxWrapper.o [3]
  .bss               zero     0x2000216c     0x4  MtxWrapper.o [3]
  .bss               zero     0x20002170     0x4  MtxWrapper.o [3]
  .bss               zero     0x20002174     0x4  iarwstd.o [5]
  .bss               zero     0x20002178     0x1  app.o [1]
  .bss               zero     0x20002179     0x1  app.o [1]
  .bss               zero     0x2000217a     0x1  app.o [1]
  .bss               zero     0x2000217b     0x1  app.o [1]
  .bss               zero     0x2000217c     0x1  app.o [1]
  .bss               zero     0x2000217d     0x1  app.o [1]
  .bss               zero     0x2000217e     0x1  fingerprint.o [1]
  .bss               zero     0x2000217f     0x1  os_core.o [1]
  .bss               zero     0x20002180     0x1  os_core.o [1]
  .bss               zero     0x20002181     0x1  os_core.o [1]
  .bss               zero     0x20002182     0x1  os_core.o [1]
  .bss               zero     0x20002183     0x1  os_core.o [1]
  .bss               zero     0x20002184     0x1  os_core.o [1]
  .bss               zero     0x20002185     0x1  os_core.o [1]
  .bss               zero     0x20002186     0x1  os_core.o [1]
  .bss               zero     0x20002187     0x1  os_core.o [1]
  .bss               zero     0x20002188     0x1  os_core.o [1]
  .bss               zero     0x20002189     0x1  stm32f10x_it.o [1]
  .bss               zero     0x2000218a     0x1  stm32f10x_it.o [1]
                            - 0x2000218b  0x19b7

"P2", part 3 of 3:                         0x128
  P2 s0                       0x2000218c   0x128  <Init block>
    .data            inited   0x2000218c    0x84  setlocale.o [3]
    .data            inited   0x20002210    0x4c  localeconv.o [3]
    .data            inited   0x2000225c    0x40  xfiles.o [3]
    .data            inited   0x2000229c    0x10  stm32f10x_rcc.o [1]
    .data            inited   0x200022ac     0x4  stm32f10x_rcc.o [1]
    .data            inited   0x200022b0     0x4  cppinit.o [3]
                            - 0x200022b4   0x128


*******************************************************************************
*** INIT TABLE
***

          Address     Size
          -------     ----
Zero (__iar_zero_init2)
    1 destination range, total size 0x19b7:
          0x200007d4  0x19b7

Copy/packbits (__iar_packbits_init2)
    1 source range, total size 0x92 (49% of destination):
          0x08004e9d    0x92
    1 destination range, total size 0x128:
          0x2000218c   0x128


*******************************************************************************
*** MODULE SUMMARY
***

    Module                  ro code  ro data  rw data
    ------                  -------  -------  -------
D:\Documents\Academics\ELEC3300\Lab\SmartHouse-System\Project\EWARMv5\STM3210E debug\Obj: [1]
    app.o                     1 162      412    1 818
    bsp.o                     1 076
    fingerprint.o               988                25
    lcd.o                       620
    main.o                       44             1 280
    misc.o                      136
    os_core.o                 1 828      288    3 326
    os_cpu_a.o                  160
    os_cpu_c.o                  172
    os_flag.o                    84
    os_task.o                   912
    os_time.o                   308
    startup_stm32f10x_hd.o      608
    stm32f10x_adc.o             362
    stm32f10x_fsmc.o            276
    stm32f10x_gpio.o            420
    stm32f10x_it.o              232                 2
    stm32f10x_rcc.o             820       10       20
    stm32f10x_usart.o           402
    system_stm32f10x.o          336        4
    -------------------------------------------------
    Total:                   10 946      714    6 471

command line: [2]
    -------------------------------------------------
    Total:

dl7M_tl_if.a: [3]
    MtxWrapper.o                 48                16
    cppinit.o                   108        2       16
    div.o                        14
    exit.o                        6
    localeconv.o                 20       56       76
    printf.o                     32
    putchar.o                    12
    setlocale.o                  20       66      132
    strncmp.o                    44
    xdnorm.o                    180
    xdscale.o                   268
    xencoding_sb.o               84       16
    xfiles.o                              32      144
    xgetmemchunk.o               40                 4
    xlocale_c.o                           91
    xmbcurmax.o                  10
    xmbtowc.o                    32
    xprintffull.o             4 110       24
    xprout.o                     22
    xsyslock.o                  140                20
    xwctomb.o                    26
    xxmemxfree.o                136
    xxmemxmalloc.o              188                 8
    -------------------------------------------------
    Total:                    5 540      287      416

rt7M_tl.a: [4]
    ABImemcpy.o                 112
    DblAdd.o                    230
    DblCmpGe.o                   46
    DblCmpLe.o                   46
    DblDiv.o                    582
    DblMul.o                    418
    DblSub.o                    382
    DblToI32.o                   86
    I32ToDbl.o                   46
    I64DivMod.o                 302
    I64DivZer.o                   2
    cexit.o                      14
    cmain.o                      24
    data_init2.o                 32
    memchr.o                     88
    packbits_init2.o            148
    strchr.o                     22
    strlen.o                     54
    zero_init2.o                 26
    -------------------------------------------------
    Total:                    2 660

shb_l.a: [5]
    exit.o                       20
    iarwstd.o                    28                 4
    -------------------------------------------------
    Total:                       48                 4

    Gaps                         28        4
    Linker created                        44    1 992
-----------------------------------------------------
    Grand Total:             19 222    1 049    8 883


*******************************************************************************
*** ENTRY LIST
***

Entry                      Address   Size  Type      Object
-----                      -------   ----  ----      ------
.iar.dynexit$$Base      0x20000600          --   Gb  - Linker created -
.iar.dynexit$$Limit     0x200007d4          --   Gb  - Linker created -
ADC1_2_IRQHandler       0x08004def         Code  Wk  startup_stm32f10x_hd.o [1]
ADC3_IRQHandler         0x08004e63         Code  Wk  startup_stm32f10x_hd.o [1]
ADCPrescTable           0x200022ac    0x4  Data  Lc  stm32f10x_rcc.o [1]
ADC_Cmd                 0x08003725   0x1a  Code  Gb  stm32f10x_adc.o [1]
ADC_Configuration       0x08001f6d   0x68  Code  Gb  bsp.o [1]
ADC_GetCalibrationStatus
                        0x08003767   0x14  Code  Gb  stm32f10x_adc.o [1]
ADC_GetResetCalibrationStatus
                        0x08003749   0x14  Code  Gb  stm32f10x_adc.o [1]
ADC_Init                0x080036d5   0x50  Code  Gb  stm32f10x_adc.o [1]
ADC_RegularChannelConfig
                        0x0800377b   0xc4  Code  Gb  stm32f10x_adc.o [1]
ADC_ResetCalibration    0x0800373f    0xa  Code  Gb  stm32f10x_adc.o [1]
ADC_StartCalibration    0x0800375d    0xa  Code  Gb  stm32f10x_adc.o [1]
APBAHBPrescTable        0x2000229c   0x10  Data  Lc  stm32f10x_rcc.o [1]
AddUser                 0x08002343   0xd6  Code  Gb  fingerprint.o [1]
App_TCBInitHook         0x08001ced    0x2  Code  Gb  app.o [1]
App_TaskCreateHook      0x08001ce5    0x2  Code  Gb  app.o [1]
App_TaskIdleHook        0x08001ce7    0x2  Code  Gb  app.o [1]
App_TaskStatHook        0x08001ce9    0x2  Code  Gb  app.o [1]
App_TaskSwHook          0x08001ceb    0x2  Code  Gb  app.o [1]
BSP_Init                0x08001d59   0x30  Code  Gb  bsp.o [1]
BusFault_Handler        0x08003f1b    0x2  Code  Gb  stm32f10x_it.o [1]
CAN1_RX1_IRQHandler     0x08004dfb         Code  Wk  startup_stm32f10x_hd.o [1]
CAN1_SCE_IRQHandler     0x08004dff         Code  Wk  startup_stm32f10x_hd.o [1]
CSTACK$$Base            0x20000000          --   Gb  - Linker created -
CSTACK$$Limit           0x20000400          --   Gb  - Linker created -
ClearAllUser            0x08002419   0x64  Code  Gb  fingerprint.o [1]
DMA1_Channel1_IRQHandler
                        0x08004dd3         Code  Wk  startup_stm32f10x_hd.o [1]
DMA1_Channel2_IRQHandler
                        0x08004dd7         Code  Wk  startup_stm32f10x_hd.o [1]
DMA1_Channel3_IRQHandler
                        0x08004ddb         Code  Wk  startup_stm32f10x_hd.o [1]
DMA1_Channel4_IRQHandler
                        0x08004ddf         Code  Wk  startup_stm32f10x_hd.o [1]
DMA1_Channel5_IRQHandler
                        0x08004de3         Code  Wk  startup_stm32f10x_hd.o [1]
DMA1_Channel6_IRQHandler
                        0x08004de7         Code  Wk  startup_stm32f10x_hd.o [1]
DMA1_Channel7_IRQHandler
                        0x08004deb         Code  Wk  startup_stm32f10x_hd.o [1]
DMA2_Channel1_IRQHandler
                        0x08004e87         Code  Wk  startup_stm32f10x_hd.o [1]
DMA2_Channel2_IRQHandler
                        0x08004e8b         Code  Wk  startup_stm32f10x_hd.o [1]
DMA2_Channel3_IRQHandler
                        0x08004e8f         Code  Wk  startup_stm32f10x_hd.o [1]
DMA2_Channel4_5_IRQHandler
                        0x08004e93         Code  Wk  startup_stm32f10x_hd.o [1]
DebugMon_Handler        0x08003f1f    0x2  Code  Gb  stm32f10x_it.o [1]
DtorRecArray            0x20000600    0xc  Data  Lc  cppinit.o [3]
EXTI0_IRQHandler        0x08004dbf         Code  Wk  startup_stm32f10x_hd.o [1]
EXTI15_10_IRQHandler    0x08004e47         Code  Wk  startup_stm32f10x_hd.o [1]
EXTI1_IRQHandler        0x08004dc3         Code  Wk  startup_stm32f10x_hd.o [1]
EXTI2_IRQHandler        0x08004dc7         Code  Wk  startup_stm32f10x_hd.o [1]
EXTI3_IRQHandler        0x08004dcb         Code  Wk  startup_stm32f10x_hd.o [1]
EXTI4_IRQHandler        0x08004dcf         Code  Wk  startup_stm32f10x_hd.o [1]
EXTI9_5_IRQHandler      0x08004e03         Code  Wk  startup_stm32f10x_hd.o [1]
FLASH_IRQHandler        0x08004db7         Code  Wk  startup_stm32f10x_hd.o [1]
FSMC_IRQHandler         0x08004e67         Code  Wk  startup_stm32f10x_hd.o [1]
FSMC_NORSRAMCmd         0x08003cd1   0x38  Code  Gb  stm32f10x_fsmc.o [1]
FSMC_NORSRAMInit        0x08003bf5   0xd8  Code  Gb  stm32f10x_fsmc.o [1]
GPIO_Configuration      0x08001e15   0xd8  Code  Gb  bsp.o [1]
GPIO_DeInit             0x08003079   0xcc  Code  Gb  stm32f10x_gpio.o [1]
GPIO_Init               0x08003145   0xcc  Code  Gb  stm32f10x_gpio.o [1]
GPIO_ResetBits          0x08003217    0x6  Code  Gb  stm32f10x_gpio.o [1]
GPIO_SetBits            0x08003211    0x6  Code  Gb  stm32f10x_gpio.o [1]
GetTimeOut              0x08002301   0x42  Code  Gb  fingerprint.o [1]
GetUserCount            0x0800223d   0x42  Code  Gb  fingerprint.o [1]
GetcompareLevel         0x0800227f   0x42  Code  Gb  fingerprint.o [1]
HEAP$$Base              0x20000400          --   Gb  - Linker created -
HEAP$$Limit             0x20000600          --   Gb  - Linker created -
HardFault_Handler       0x08003f17    0x2  Code  Gb  stm32f10x_it.o [1]
I2C1_ER_IRQHandler      0x08004e27         Code  Wk  startup_stm32f10x_hd.o [1]
I2C1_EV_IRQHandler      0x08004e23         Code  Wk  startup_stm32f10x_hd.o [1]
I2C2_ER_IRQHandler      0x08004e2f         Code  Wk  startup_stm32f10x_hd.o [1]
I2C2_EV_IRQHandler      0x08004e2b         Code  Wk  startup_stm32f10x_hd.o [1]
IsMasterUser            0x08002481   0x1a  Code  Gb  fingerprint.o [1]
LCD_Clear               0x08002ced   0x5a  Code  Gb  lcd.o [1]
LCD_CtrlLinesConfig     0x08002d4d   0x78  Code  Gb  lcd.o [1]
LCD_FSMCConfig          0x08002dc5   0x6c  Code  Gb  lcd.o [1]
MemManage_Handler       0x08003f19    0x2  Code  Gb  stm32f10x_it.o [1]
NMI_Handler             0x08003f15    0x2  Code  Gb  stm32f10x_it.o [1]
NVIC_Configuration      0x080020b9   0x48  Code  Gb  bsp.o [1]
NVIC_Init               0x080044d1   0x74  Code  Gb  misc.o [1]
NVIC_PriorityGroupConfig
                        0x080044c1   0x10  Code  Gb  misc.o [1]
NVIC_SetPriority        0x08001cf1   0x2c  Code  Lc  bsp.o [1]
OSCPUUsage              0x2000217f    0x1  Data  Gb  os_core.o [1]
OSCtxSw                 0x0800432b         Code  Gb  os_cpu_a.o [1]
OSCtxSwCtr              0x20002130    0x4  Data  Gb  os_core.o [1]
OSEventFreeList         0x20002134    0x4  Data  Gb  os_core.o [1]
OSEventTbl              0x20001e2c  0x140  Data  Gb  os_core.o [1]
OSFlagFreeList          0x20002138    0x4  Data  Gb  os_core.o [1]
OSFlagTbl               0x20001f6c   0x8c  Data  Gb  os_core.o [1]
OSIdleCtr               0x20002148    0x4  Data  Gb  os_core.o [1]
OSIdleCtrMax            0x2000213c    0x4  Data  Gb  os_core.o [1]
OSIdleCtrRun            0x20002140    0x4  Data  Gb  os_core.o [1]
OSInit                  0x08001141   0x28  Code  Gb  os_core.o [1]
OSInitHookBegin         0x08004255    0x2  Code  Gb  os_cpu_c.o [1]
OSInitHookEnd           0x08004257    0x2  Code  Gb  os_cpu_c.o [1]
OSIntCtxSw              0x08004333         Code  Gb  os_cpu_a.o [1]
OSIntEnter              0x08001169   0x24  Code  Gb  os_core.o [1]
OSIntExit               0x0800118d   0x94  Code  Gb  os_core.o [1]
OSIntNesting            0x20002181    0x1  Data  Gb  os_core.o [1]
OSLockNesting           0x20002182    0x1  Data  Gb  os_core.o [1]
OSPrioCur               0x20002183    0x1  Data  Gb  os_core.o [1]
OSPrioHighRdy           0x20002184    0x1  Data  Gb  os_core.o [1]
OSRdyGrp                0x20002185    0x1  Data  Gb  os_core.o [1]
OSRdyTbl                0x20002144    0x4  Data  Gb  os_core.o [1]
OSRunning               0x20002186    0x1  Data  Gb  os_core.o [1]
OSStart                 0x08001221   0x42  Code  Gb  os_core.o [1]
OSStartHighRdy          0x0800430f         Code  Gb  os_cpu_a.o [1]
OSStatRdy               0x20002180    0x1  Data  Gb  os_core.o [1]
OSTCBCur                0x2000214c    0x4  Data  Gb  os_core.o [1]
OSTCBFreeList           0x20002150    0x4  Data  Gb  os_core.o [1]
OSTCBHighRdy            0x20002154    0x4  Data  Gb  os_core.o [1]
OSTCBInitHook           0x080042f5    0x8  Code  Gb  os_cpu_c.o [1]
OSTCBList               0x20002158    0x4  Data  Gb  os_core.o [1]
OSTCBPrioTbl            0x20001ff8   0x80  Data  Gb  os_core.o [1]
OSTCBTbl                0x200007d4  0x678  Data  Gb  os_core.o [1]
OSTaskCreate            0x08002501   0xaa  Code  Gb  os_task.o [1]
OSTaskCreateExt         0x080025ab   0xce  Code  Gb  os_task.o [1]
OSTaskCreateHook        0x08004259    0x8  Code  Gb  os_cpu_c.o [1]
OSTaskCtr               0x20002187    0x1  Data  Gb  os_core.o [1]
OSTaskIdleHook          0x08004261    0x8  Code  Gb  os_cpu_c.o [1]
OSTaskIdleStk           0x2000186c  0x200  Data  Gb  os_core.o [1]
OSTaskNameSet           0x08002679   0xa2  Code  Gb  os_task.o [1]
OSTaskStatHook          0x08004269    0x8  Code  Gb  os_cpu_c.o [1]
OSTaskStatStk           0x2000166c  0x200  Data  Gb  os_core.o [1]
OSTaskStkChk            0x08002725   0x8e  Code  Gb  os_task.o [1]
OSTaskStkInit           0x08004271   0x7c  Code  Gb  os_cpu_c.o [1]
OSTaskSuspend           0x080027b3   0xb6  Code  Gb  os_task.o [1]
OSTaskSwHook            0x080042ed    0x8  Code  Gb  os_cpu_c.o [1]
OSTickStepState         0x20002188    0x1  Data  Gb  os_core.o [1]
OSTime                  0x2000215c    0x4  Data  Gb  os_core.o [1]
OSTimeDly               0x08003991   0x68  Code  Gb  os_time.o [1]
OSTimeDlyHMSM           0x080039f9   0xa2  Code  Gb  os_time.o [1]
OSTimeSet               0x08003aa9   0x18  Code  Gb  os_time.o [1]
OSTimeTick              0x08001265   0xec  Code  Gb  os_core.o [1]
OSTimeTickHook          0x080042fd    0x2  Code  Gb  os_cpu_c.o [1]
OSUnMapTbl              0x08003e14  0x100  Data  Gb  os_core.o [1]
OS_CPU_PendSVHandler    0x0800433b         Code  Gb  os_cpu_a.o [1]
OS_CPU_SR_Restore       0x08004309         Code  Gb  os_cpu_a.o [1]
OS_CPU_SR_Save          0x08004301         Code  Gb  os_cpu_a.o [1]
OS_FlagInit             0x0800475d   0x50  Code  Gb  os_flag.o [1]
OS_InitEventList        0x08001351   0x54  Code  Lc  os_core.o [1]
OS_InitMisc             0x080013a5   0x3e  Code  Lc  os_core.o [1]
OS_InitRdyList          0x080013f9   0x34  Code  Lc  os_core.o [1]
OS_InitTCBList          0x080014b9   0x60  Code  Lc  os_core.o [1]
OS_InitTaskIdle         0x08001431   0x44  Code  Lc  os_core.o [1]
OS_InitTaskStat         0x08001475   0x44  Code  Lc  os_core.o [1]
OS_MemClr               0x08001521   0x12  Code  Gb  os_core.o [1]
OS_Sched                0x08001533   0x5c  Code  Gb  os_core.o [1]
OS_SchedNew             0x080015a9   0x20  Code  Lc  os_core.o [1]
OS_StrCopy              0x080015d9   0x1e  Code  Gb  os_core.o [1]
OS_StrLen               0x080015f7   0x14  Code  Gb  os_core.o [1]
OS_TCBInit              0x080016f1  0x174  Code  Gb  os_core.o [1]
OS_TaskIdle             0x0800160b   0x1c  Code  Gb  os_core.o [1]
OS_TaskStat             0x08001629   0x7c  Code  Gb  os_core.o [1]
OS_TaskStatStkChk       0x080016ad   0x44  Code  Gb  os_core.o [1]
OS_TaskStkClr           0x08002879   0x18  Code  Gb  os_task.o [1]
PVD_IRQHandler          0x08004dab         Code  Wk  startup_stm32f10x_hd.o [1]
RCC_ADCCLKConfig        0x080029f9   0x14  Code  Gb  stm32f10x_rcc.o [1]
RCC_AHBPeriphClockCmd   0x08002ae1   0x24  Code  Gb  stm32f10x_rcc.o [1]
RCC_APB1PeriphClockCmd  0x08002b29   0x24  Code  Gb  stm32f10x_rcc.o [1]
RCC_APB2PeriphClockCmd  0x08002b05   0x24  Code  Gb  stm32f10x_rcc.o [1]
RCC_APB2PeriphResetCmd  0x08002b4d   0x24  Code  Gb  stm32f10x_rcc.o [1]
RCC_Configuration       0x08001ef9   0x72  Code  Gb  bsp.o [1]
RCC_DeInit              0x08002891   0x5c  Code  Gb  stm32f10x_rcc.o [1]
RCC_GetClocksFreq       0x08002a0d   0xd0  Code  Gb  stm32f10x_rcc.o [1]
RCC_GetFlagStatus       0x08002b71   0x44  Code  Gb  stm32f10x_rcc.o [1]
RCC_GetSYSCLKSource     0x080029b1    0xa  Code  Gb  stm32f10x_rcc.o [1]
RCC_HCLKConfig          0x080029bb   0x14  Code  Gb  stm32f10x_rcc.o [1]
RCC_HSEConfig           0x080028ed   0x52  Code  Gb  stm32f10x_rcc.o [1]
RCC_IRQHandler          0x08004dbb         Code  Wk  startup_stm32f10x_hd.o [1]
RCC_Init                0x08001da1   0x74  Code  Gb  bsp.o [1]
RCC_PCLK1Config         0x080029cf   0x14  Code  Gb  stm32f10x_rcc.o [1]
RCC_PCLK2Config         0x080029e3   0x16  Code  Gb  stm32f10x_rcc.o [1]
RCC_PLLCmd              0x08002991    0xc  Code  Gb  stm32f10x_rcc.o [1]
RCC_PLLConfig           0x08002979   0x16  Code  Gb  stm32f10x_rcc.o [1]
RCC_SYSCLKConfig        0x0800299d   0x14  Code  Gb  stm32f10x_rcc.o [1]
RCC_WaitForHSEStartUp   0x0800293f   0x3a  Code  Gb  stm32f10x_rcc.o [1]
RTCAlarm_IRQHandler     0x08004e4b         Code  Wk  startup_stm32f10x_hd.o [1]
RTC_IRQHandler          0x08004db3         Code  Wk  startup_stm32f10x_hd.o [1]
Region$$Table$$Base     0x08004a30          --   Gb  - Linker created -
Region$$Table$$Limit    0x08004a5c          --   Gb  - Linker created -
SDIO_IRQHandler         0x08004e6b         Code  Wk  startup_stm32f10x_hd.o [1]
SPI1_IRQHandler         0x08004e33         Code  Wk  startup_stm32f10x_hd.o [1]
SPI2_IRQHandler         0x08004e37         Code  Wk  startup_stm32f10x_hd.o [1]
SPI3_IRQHandler         0x08004e73         Code  Wk  startup_stm32f10x_hd.o [1]
STM3210E_LCD_Init       0x08002c19   0xd4  Code  Gb  lcd.o [1]
SVC_Handler             0x08003f21    0x2  Code  Gb  stm32f10x_it.o [1]
SetSysClock             0x08003899    0x8  Code  Lc  system_stm32f10x.o [1]
SetSysClockTo72         0x080038a1   0xe8  Code  Lc  system_stm32f10x.o [1]
SetcompareLevel         0x080022c1   0x40  Code  Gb  fingerprint.o [1]
SysTick_Config          0x08001d1d   0x3c  Code  Lc  bsp.o [1]
SysTick_Handler         0x08003f23   0x10  Code  Gb  stm32f10x_it.o [1]
SysTick_init            0x08001d89   0x18  Code  Gb  bsp.o [1]
SystemFrequency         0x08004d7c    0x4  Data  Gb  system_stm32f10x.o [1]
SystemInit              0x08003841   0x58  Code  Gb  system_stm32f10x.o [1]
SystemInit_ExtMemCtl    0x08004add         Code  Wk  startup_stm32f10x_hd.o [1]
TAMPER_IRQHandler       0x08004daf         Code  Wk  startup_stm32f10x_hd.o [1]
TIM1_BRK_IRQHandler     0x08004e07         Code  Wk  startup_stm32f10x_hd.o [1]
TIM1_CC_IRQHandler      0x08004e13         Code  Wk  startup_stm32f10x_hd.o [1]
TIM1_TRG_COM_IRQHandler
                        0x08004e0f         Code  Wk  startup_stm32f10x_hd.o [1]
TIM1_UP_IRQHandler      0x08004e0b         Code  Wk  startup_stm32f10x_hd.o [1]
TIM2_IRQHandler         0x08004e17         Code  Wk  startup_stm32f10x_hd.o [1]
TIM3_IRQHandler         0x08004e1b         Code  Wk  startup_stm32f10x_hd.o [1]
TIM4_IRQHandler         0x08004e1f         Code  Wk  startup_stm32f10x_hd.o [1]
TIM5_IRQHandler         0x08004e6f         Code  Wk  startup_stm32f10x_hd.o [1]
TIM6_IRQHandler         0x08004e7f         Code  Wk  startup_stm32f10x_hd.o [1]
TIM7_IRQHandler         0x08004e83         Code  Wk  startup_stm32f10x_hd.o [1]
TIM8_BRK_IRQHandler     0x08004e53         Code  Wk  startup_stm32f10x_hd.o [1]
TIM8_CC_IRQHandler      0x08004e5f         Code  Wk  startup_stm32f10x_hd.o [1]
TIM8_TRG_COM_IRQHandler
                        0x08004e5b         Code  Wk  startup_stm32f10x_hd.o [1]
TIM8_UP_IRQHandler      0x08004e57         Code  Wk  startup_stm32f10x_hd.o [1]
Task_Comm               0x080019c1   0x10  Code  Lc  app.o [1]
Task_FP                 0x080019d1  0x2d8  Code  Lc  app.o [1]
Task_LED                0x08001cad   0x34  Code  Lc  app.o [1]
Task_Manager            0x080018c5   0xfc  Code  Lc  app.o [1]
Task_Start              0x08001865   0x60  Code  Gb  app.o [1]
TxAndRsCmd              0x08002155   0xe8  Code  Gb  fingerprint.o [1]
TxByte                  0x08002135   0x20  Code  Gb  fingerprint.o [1]
UART4_IRQHandler        0x08004e77         Code  Wk  startup_stm32f10x_hd.o [1]
UART5_IRQHandler        0x08004e7b         Code  Wk  startup_stm32f10x_hd.o [1]
USART1_IRQHandler       0x08003f35   0x80  Code  Gb  stm32f10x_it.o [1]
USART2_IRQHandler       0x08003fb5   0x48  Code  Gb  stm32f10x_it.o [1]
USART3_IRQHandler       0x08004e43         Code  Wk  startup_stm32f10x_hd.o [1]
USART_Cmd               0x08003455   0x1c  Code  Gb  stm32f10x_usart.o [1]
USART_Config            0x08001fd5   0xe0  Code  Gb  bsp.o [1]
USART_GetFlagStatus     0x080034d3   0x1c  Code  Gb  stm32f10x_usart.o [1]
USART_GetITStatus       0x080034ef   0x64  Code  Gb  stm32f10x_usart.o [1]
USART_ITConfig          0x08003471   0x52  Code  Gb  stm32f10x_usart.o [1]
USART_Init              0x080033c1   0x90  Code  Gb  stm32f10x_usart.o [1]
USART_ReceiveData       0x080034cb    0x8  Code  Gb  stm32f10x_usart.o [1]
USART_SendData          0x080034c3    0x8  Code  Gb  stm32f10x_usart.o [1]
USBWakeUp_IRQHandler    0x08004e4f         Code  Wk  startup_stm32f10x_hd.o [1]
USB_HP_CAN1_TX_IRQHandler
                        0x08004df3         Code  Wk  startup_stm32f10x_hd.o [1]
USB_LP_CAN1_RX0_IRQHandler
                        0x08004df7         Code  Wk  startup_stm32f10x_hd.o [1]
UsageFault_Handler      0x08003f1d    0x2  Code  Gb  stm32f10x_it.o [1]
VerifyUser              0x0800249b   0x5c  Code  Gb  fingerprint.o [1]
WWDG_IRQHandler         0x08004da7         Code  Wk  startup_stm32f10x_hd.o [1]
_EncodingSb_Mbtowc      0x080047d1   0x34  Code  Gb  xencoding_sb.o [3]
_EncodingSb_Wctomb      0x080047b1   0x20  Code  Gb  xencoding_sb.o [3]
_GenldDefault           0x08000ebd  0x250  Code  Lc  xprintffull.o [3]
_IsdstStr               0x200021b0    0x4  Data  Gb  setlocale.o [3]
_LdtobDefault           0x08000aa5  0x418  Code  Lc  xprintffull.o [3]
_LitobDefault           0x08000999  0x10c  Code  Lc  xprintffull.o [3]
_LocaleC_lconv          0x08004804   0x48  Data  Gb  xlocale_c.o [3]
_LocaleEncoding         0x08004c69   0x10  Code  Gb  setlocale.o [3]
_LocaleReturnString     0x200021c0   0x50  Data  Lc  setlocale.o [3]
_Locale_LconvArray      0x200021bc    0x4  Data  Gb  setlocale.o [3]
_Locale_Profile         0x2000218c   0x1c  Data  Gb  setlocale.o [3]
_Locale_lconv           0x20002214   0x48  Data  Gb  localeconv.o [3]
_Mbtowc                 0x08004abd   0x20  Code  Gb  xmbtowc.o [3]
_Printf                 0x08000131  0x59c  Code  Gb  xprintffull.o [3]
_Prout                  0x08004bef   0x16  Code  Gb  xprout.o [3]
_PutcharsDefault        0x0800110d   0x32  Code  Lc  xprintffull.o [3]
_PutstrDefault          0x080006cd  0x2cc  Code  Lc  xprintffull.o [3]
_TzoneStr               0x200021a8    0x4  Data  Gb  setlocale.o [3]
_Wctomb                 0x08004b15   0x1a  Code  Gb  xwctomb.o [3]
__aeabi_cdcmple         0x080048b5         Code  Gb  DblCmpLe.o [4]
__aeabi_cdrcmple        0x080048e5         Code  Gb  DblCmpGe.o [4]
__aeabi_d2iz            0x08004705         Code  Gb  DblToI32.o [4]
__aeabi_d2uiz           0x08004731         Code  Gb  DblToI32.o [4]
__aeabi_dadd            0x08003ffd         Code  Gb  DblAdd.o [4]
__aeabi_ddiv            0x08002e31         Code  Gb  DblDiv.o [4]
__aeabi_dmul            0x0800321d         Code  Gb  DblMul.o [4]
__aeabi_dsub            0x08003555         Code  Gb  DblSub.o [4]
__aeabi_i2d             0x08004915         Code  Gb  I32ToDbl.o [4]
__aeabi_ldiv0           0x08004d81         Code  Gb  I64DivZer.o [4]
__aeabi_ldivmod         0x08003ac5         Code  Gb  I64DivMod.o [4]
__aeabi_memcpy          0x080045d1         Code  Gb  ABImemcpy.o [4]
__aeabi_memcpy4         0x080045eb         Code  Gb  ABImemcpy.o [4]
__aeabi_memcpy8         0x080045eb         Code  Gb  ABImemcpy.o [4]
__aeabi_ui2d            0x08004929         Code  Gb  I32ToDbl.o [4]
__aeabi_uldivmod        0x08003ad9         Code  Gb  I64DivMod.o [4]
__call_dtors            0x08004669    0x4  Code  Gb  cppinit.o [3]
__cstart_call_dtors     0x08004cdf         Code  Gb  cexit.o [4]
__cxa_atexit            0x08004641   0x28  Code  Gb  cppinit.o [3]
__cxa_finalize          0x0800466d   0x3c  Code  Gb  cppinit.o [3]
__data_Aldata           0x20002128    0x8  Data  Gb  xxmemxmalloc.o [3]
__data_GetMemChunk      0x0800499d   0x28  Code  Gb  xgetmemchunk.o [3]
__exit                  0x08004c55   0x14  Code  Gb  exit.o [5]
__iar_Dnorm             0x080041a1   0xb4  Code  Gb  xdnorm.o [3]
__iar_Dscale            0x08003d09  0x10c  Code  Gb  xdscale.o [3]
__iar_Locksyslock       0x0800445d   0x4c  Code  Gb  xsyslock.o [3]
__iar_Mbcurmax          0x08004d29    0xa  Code  Gb  xmbcurmax.o [3]
__iar_Memchr            0x080046ad         Code  Gb  memchr.o [4]
__iar_Mtxdst            0x0800488b    0x4  Code  Gb  MtxWrapper.o [3]
__iar_Mtxinit           0x08004885    0x6  Code  Gb  MtxWrapper.o [3]
__iar_Mtxlock           0x08004899    0x6  Code  Gb  MtxWrapper.o [3]
__iar_Mtxunlock         0x0800489f    0x6  Code  Gb  MtxWrapper.o [3]
__iar_Stdout            0x2000225c   0x40  Data  Gb  xfiles.o [3]
__iar_Strchr            0x08004bd9         Code  Gb  strchr.o [4]
__iar_Tls_setup__IsdstStr
                        0x200021b4    0x4  Data  Gb  setlocale.o [3]
__iar_Tls_setup__Locale_Profile
                        0x200021b8    0x4  Data  Gb  setlocale.o [3]
__iar_Tls_setup__Locale_lconv
                        0x20002210    0x4  Data  Gb  localeconv.o [3]
__iar_Tls_setup__TzoneStr
                        0x200021ac    0x4  Data  Gb  setlocale.o [3]
__iar_Unlocksyslock     0x080044a9   0x14  Code  Gb  xsyslock.o [3]
__iar_d2uiz             0x0800473b         Code  Gb  DblToI32.o [4]
__iar_dadd              0x0800400f         Code  Gb  DblAdd.o [4]
__iar_data_init2        0x08004a9d   0x20  Code  Gb  data_init2.o [4]
__iar_dsub              0x08003567         Code  Gb  DblSub.o [4]
__iar_dsubStart         0x08003579         Code  Gb  DblSub.o [4]
__iar_packbits_init2    0x080043a1   0x94  Code  Gb  packbits_init2.o [4]
__iar_program_start     0x08004bc1         Code  Gb  cmain.o [4]
__iar_sh_stdout_close   0x08004af9   0x16  Code  Gb  iarwstd.o [5]
__iar_sh_stdout_handle  0x20002174    0x4  Data  Lc  iarwstd.o [5]
__iar_ui2d              0x0800492b         Code  Gb  I32ToDbl.o [4]
__iar_zero_init2        0x08004b2f   0x1a  Code  Gb  zero_init2.o [4]
__low_level_init        0x08004adf         Code  Gb  startup_stm32f10x_hd.o [1]
__vector_table          0x08000000         Data  Gb  startup_stm32f10x_hd.o [1]
_exit                   0x08004cdd         Code  Gb  cexit.o [4]
_main                   0x08004bd3         Code  Gb  cmain.o [4]
attempts                0x2000217d    0x1  Data  Lc  app.o [1]
c                       0x2000218a    0x1  Data  Lc  stm32f10x_it.o [1]
clearlocks              0x08004435   0x26  Code  Lc  xsyslock.o [3]
cmdLength               0x20002179    0x1  Data  Gb  app.o [1]
cmdReadyFlag            0x2000217a    0x1  Data  Gb  app.o [1]
delay                   0x08002125   0x10  Code  Lc  fingerprint.o [1]
delay                   0x08002bc5   0x20  Code  Gb  lcd.o [1]
div                     0x08004ceb    0xe  Code  Gb  div.o [3]
exit                    0x08004d75    0x6  Code  Gb  exit.o [3]
fpOperation             0x2000217b    0x1  Data  Lc  app.o [1]
fputc                   0x08002101   0x20  Code  Gb  bsp.o [1]
free                    0x08004549   0x88  Code  Gb  xxmemxfree.o [3]
gRsBuf                  0x20002110    0xc  Data  Gb  fingerprint.o [1]
gRsLength               0x2000217e    0x1  Data  Gb  fingerprint.o [1]
gTxBuf                  0x2000211c    0xc  Data  Gb  fingerprint.o [1]
localeconv              0x08004c41   0x14  Code  Gb  localeconv.o [3]
mRsBuf                  0x200020c8   0x34  Data  Gb  app.o [1]
mRsLength               0x20002178    0x1  Data  Gb  app.o [1]
main                    0x08004945   0x2c  Code  Gb  main.o [1]
malloc                  0x080040e5   0xbc  Code  Gb  xxmemxmalloc.o [3]
memchr                  0x080046ad         Code  Gb  memchr.o [4]
mtx                     0x20002100   0x10  Data  Lc  xsyslock.o [3]
mtxdst                  0x20002168    0x4  Data  Lc  MtxWrapper.o [3]
mtxinit                 0x20002164    0x4  Data  Lc  MtxWrapper.o [3]
mtxlock                 0x2000216c    0x4  Data  Lc  MtxWrapper.o [3]
mtxunlock               0x20002170    0x4  Data  Lc  MtxWrapper.o [3]
next_abi_dtor_rec       0x200022b0    0x4  Data  Lc  cppinit.o [3]
obuf                    0x20002078   0x50  Data  Lc  xfiles.o [3]
power_delay             0x08002bfd   0x1c  Code  Gb  lcd.o [1]
printf                  0x08004a7d   0x20  Code  Gb  printf.o [3]
putchar                 0x08004d1d    0xc  Code  Gb  putchar.o [3]
reset_delay             0x08002be5   0x18  Code  Gb  lcd.o [1]
startFlag               0x20002189    0x1  Data  Lc  stm32f10x_it.o [1]
startup_task_stk        0x20000e4c  0x500  Data  Lc  main.o [1]
strchr                  0x08004bd9         Code  Gb  strchr.o [4]
strlen                  0x0800484d         Code  Gb  strlen.o [4]
strncmp                 0x08004971   0x2c  Code  Gb  strncmp.o [3]
sysState                0x2000217c    0x1  Data  Lc  app.o [1]
syslock_o               0x200020fc    0x4  Data  Lc  xsyslock.o [3]
task_comm_stk           0x20001bac  0x140  Data  Lc  app.o [1]
task_fp_stk             0x2000134c  0x320  Data  Lc  app.o [1]
task_led_stk            0x20001a6c  0x140  Data  Lc  app.o [1]
task_manager_stk        0x20001cec  0x140  Data  Lc  app.o [1]


[1] = D:\Documents\Academics\ELEC3300\Lab\SmartHouse-System\Project\EWARMv5\STM3210E debug\Obj
[2] = command line
[3] = dl7M_tl_if.a
[4] = rt7M_tl.a
[5] = shb_l.a

  19 222 bytes of readonly  code memory
   1 049 bytes of readonly  data memory
   8 883 bytes of readwrite data memory

Errors: none
Warnings: none
