###############################################################################
#                                                                             #
# IAR ELF Linker V5.40.5.51622/W32 for ARM              23/Nov/2015  03:52:40 #
# Copyright (C) 2007-2009 IAR Systems AB.                                     #
#                                                                             #
#    Output file  =  D:\Documents\Academics\ELEC3300\Lab\SmartHouse-System\Pr #
#                    oject\EWARMv5\STM3210E debug\Exe\STM3210E-EVAL.out       #
#    Map file     =  D:\Documents\Academics\ELEC3300\Lab\SmartHouse-System\Pr #
#                    oject\EWARMv5\STM3210E debug\List\STM3210E-EVAL.map      #
#    Command line =  "D:\Documents\Academics\ELEC3300\Lab\SmartHouse-System\P #
#                    roject\EWARMv5\STM3210E debug\Obj\app.o"                 #
#                    "D:\Documents\Academics\ELEC3300\Lab\SmartHouse-System\P #
#                    roject\EWARMv5\STM3210E debug\Obj\bsp.o"                 #
#                    "D:\Documents\Academics\ELEC3300\Lab\SmartHouse-System\P #
#                    roject\EWARMv5\STM3210E debug\Obj\core_cm3.o"            #
#                    "D:\Documents\Academics\ELEC3300\Lab\SmartHouse-System\P #
#                    roject\EWARMv5\STM3210E debug\Obj\lcd.o"                 #
#                    "D:\Documents\Academics\ELEC3300\Lab\SmartHouse-System\P #
#                    roject\EWARMv5\STM3210E debug\Obj\main.o"                #
#                    "D:\Documents\Academics\ELEC3300\Lab\SmartHouse-System\P #
#                    roject\EWARMv5\STM3210E debug\Obj\misc.o"                #
#                    "D:\Documents\Academics\ELEC3300\Lab\SmartHouse-System\P #
#                    roject\EWARMv5\STM3210E debug\Obj\os_core.o"             #
#                    "D:\Documents\Academics\ELEC3300\Lab\SmartHouse-System\P #
#                    roject\EWARMv5\STM3210E debug\Obj\os_cpu_a.o"            #
#                    "D:\Documents\Academics\ELEC3300\Lab\SmartHouse-System\P #
#                    roject\EWARMv5\STM3210E debug\Obj\os_cpu_c.o"            #
#                    "D:\Documents\Academics\ELEC3300\Lab\SmartHouse-System\P #
#                    roject\EWARMv5\STM3210E debug\Obj\os_dbg.o"              #
#                    "D:\Documents\Academics\ELEC3300\Lab\SmartHouse-System\P #
#                    roject\EWARMv5\STM3210E debug\Obj\os_flag.o"             #
#                    "D:\Documents\Academics\ELEC3300\Lab\SmartHouse-System\P #
#                    roject\EWARMv5\STM3210E debug\Obj\os_mbox.o"             #
#                    "D:\Documents\Academics\ELEC3300\Lab\SmartHouse-System\P #
#                    roject\EWARMv5\STM3210E debug\Obj\os_mem.o"              #
#                    "D:\Documents\Academics\ELEC3300\Lab\SmartHouse-System\P #
#                    roject\EWARMv5\STM3210E debug\Obj\os_mutex.o"            #
#                    "D:\Documents\Academics\ELEC3300\Lab\SmartHouse-System\P #
#                    roject\EWARMv5\STM3210E debug\Obj\os_q.o"                #
#                    "D:\Documents\Academics\ELEC3300\Lab\SmartHouse-System\P #
#                    roject\EWARMv5\STM3210E debug\Obj\os_sem.o"              #
#                    "D:\Documents\Academics\ELEC3300\Lab\SmartHouse-System\P #
#                    roject\EWARMv5\STM3210E debug\Obj\os_task.o"             #
#                    "D:\Documents\Academics\ELEC3300\Lab\SmartHouse-System\P #
#                    roject\EWARMv5\STM3210E debug\Obj\os_time.o"             #
#                    "D:\Documents\Academics\ELEC3300\Lab\SmartHouse-System\P #
#                    roject\EWARMv5\STM3210E debug\Obj\os_tmr.o"              #
#                    "D:\Documents\Academics\ELEC3300\Lab\SmartHouse-System\P #
#                    roject\EWARMv5\STM3210E debug\Obj\startup_stm32f10x_hd.o #
#                    " "D:\Documents\Academics\ELEC3300\Lab\SmartHouse-System #
#                    \Project\EWARMv5\STM3210E debug\Obj\stm32f10x_adc.o"     #
#                    "D:\Documents\Academics\ELEC3300\Lab\SmartHouse-System\P #
#                    roject\EWARMv5\STM3210E debug\Obj\stm32f10x_exti.o"      #
#                    "D:\Documents\Academics\ELEC3300\Lab\SmartHouse-System\P #
#                    roject\EWARMv5\STM3210E debug\Obj\stm32f10x_fsmc.o"      #
#                    "D:\Documents\Academics\ELEC3300\Lab\SmartHouse-System\P #
#                    roject\EWARMv5\STM3210E debug\Obj\stm32f10x_gpio.o"      #
#                    "D:\Documents\Academics\ELEC3300\Lab\SmartHouse-System\P #
#                    roject\EWARMv5\STM3210E debug\Obj\stm32f10x_it.o"        #
#                    "D:\Documents\Academics\ELEC3300\Lab\SmartHouse-System\P #
#                    roject\EWARMv5\STM3210E debug\Obj\stm32f10x_rcc.o"       #
#                    "D:\Documents\Academics\ELEC3300\Lab\SmartHouse-System\P #
#                    roject\EWARMv5\STM3210E debug\Obj\stm32f10x_tim.o"       #
#                    "D:\Documents\Academics\ELEC3300\Lab\SmartHouse-System\P #
#                    roject\EWARMv5\STM3210E debug\Obj\stm32f10x_usart.o"     #
#                    "D:\Documents\Academics\ELEC3300\Lab\SmartHouse-System\P #
#                    roject\EWARMv5\STM3210E debug\Obj\system_stm32f10x.o"    #
#                    -o "D:\Documents\Academics\ELEC3300\Lab\SmartHouse-Syste #
#                    m\Project\EWARMv5\STM3210E debug\Exe\STM3210E-EVAL.out"  #
#                    --map "D:\Documents\Academics\ELEC3300\Lab\SmartHouse-Sy #
#                    stem\Project\EWARMv5\STM3210E                            #
#                    debug\List\STM3210E-EVAL.map" --config                   #
#                    D:\Documents\Academics\ELEC3300\Lab\SmartHouse-System\Pr #
#                    oject\EWARMv5\STM32F10x_FLASH.icf --semihosting --entry  #
#                    __iar_program_start                                      #
#                                                                             #
#                                                                             #
###############################################################################

*******************************************************************************
*** RUNTIME MODEL ATTRIBUTES
***

__endian      = little
__thumb_aware = enabled


*******************************************************************************
*** PLACEMENT SUMMARY
***

"A1":  place at 0x08000000 { ro section .intvec };
"P1":  place in [from 0x08000000 to 0x0807ffff] { ro };
"P2":  place in [from 0x20000000 to 0x2000ffff] {
          rw, block CSTACK, block HEAP };

  Section            Kind        Address    Size  Object
  -------            ----        -------    ----  ------
"A1":                                      0x130
  .intvec            ro code  0x08000000   0x130  startup_stm32f10x_hd.o [1]
                            - 0x08000130   0x130

"P1":                                     0x3d77
  .text              ro code  0x08000130  0x100e  xprintffull.o [3]
  .text              ro code  0x08001140   0x4c4  os_core.o [1]
  .text              ro code  0x08001604   0x384  bsp.o [1]
  .text              ro code  0x08001988   0x2e0  os_task.o [1]
  .text              ro code  0x08001c68   0x246  DblDiv.o [4]
  .text              ro code  0x08001eb0   0x238  stm32f10x_rcc.o [1]
  .text              ro code  0x080020e8   0x20e  lcd.o [1]
  .text              ro code  0x080022f8   0x1a2  DblMul.o [4]
  .text              ro code  0x0800249c   0x17e  DblSub.o [4]
  .text              ro code  0x0800261c   0x178  os_time.o [1]
  .text              ro code  0x08002794   0x176  stm32f10x_gpio.o [1]
  .text              ro code  0x0800290c   0x12e  I64DivMod.o [4]
  .text              ro code  0x08002a3c   0x10c  xdscale.o [3]
  .rodata            const    0x08002b48   0x100  os_core.o [1]
  .text              ro code  0x08002c48    0xf6  stm32f10x_adc.o [1]
  .text              ro code  0x08002d40    0xe8  system_stm32f10x.o [1]
  .text              ro code  0x08002e28    0xe6  DblAdd.o [4]
  .text              ro code  0x08002f10    0xdc  stm32f10x_fsmc.o [1]
  .text              ro code  0x08002fec    0xd8  stm32f10x_usart.o [1]
  .text              ro code  0x080030c4    0xbc  xxmemxmalloc.o [3]
  .text              ro code  0x08003180    0xba  app.o [1]
  .text              ro code  0x0800323a    0xb4  xdnorm.o [3]
  CODE               ro code  0x080032f0    0xa0  os_cpu_a.o [1]
  .text              ro code  0x08003390    0x94  os_cpu_c.o [1]
  .text              ro code  0x08003424    0x94  packbits_init2.o [4]
  .text              ro code  0x080034b8    0x8c  xsyslock.o [3]
  .text              ro code  0x08003544    0x88  xxmemxfree.o [3]
  .text              ro code  0x080035cc    0x7c  misc.o [1]
  .text              ro code  0x08003648    0x70  ABImemcpy.o [4]
  .text              ro code  0x080036b8    0x6c  cppinit.o [3]
  .text              ro code  0x08003724    0x66  ABImemset.o [4]
  .text              ro code  0x0800378c    0x58  memchr.o [4]
  .text              ro code  0x080037e4    0x56  DblToI32.o [4]
  .text              ro code  0x0800383c    0x54  xencoding_sb.o [3]
  .text              ro code  0x08003890    0x4c  os_flag.o [1]
  .rodata            const    0x080038dc    0x48  xlocale_c.o [3]
  .rodata            const    0x08003924    0x3c  app.o [1]
  .text              ro code  0x08003960    0x36  strlen.o [4]
  .text              ro code  0x08003998    0x30  main.o [1]
  .text              ro code  0x080039c8    0x30  MtxWrapper.o [3]
  .text              ro code  0x080039f8    0x2e  DblCmpLe.o [4]
  .text              ro code  0x08003a28    0x2e  DblCmpGe.o [4]
  .text              ro code  0x08003a58    0x2e  I32ToDbl.o [4]
  .text              ro code  0x08003a88    0x28  xgetmemchunk.o [3]
  .text              ro code  0x08003ab0    0x24  stm32f10x_it.o [1]
  .iar.init_table    const    0x08003ad4    0x2c  - Linker created -
  .rodata            const    0x08003b00    0x20  os_core.o [1]
  .text              ro code  0x08003b20    0x20  printf.o [3]
  .text              ro code  0x08003b40    0x20  data_init2.o [4]
  .text              ro code  0x08003b60    0x20  xmbtowc.o [3]
  .text              ro code  0x08003b80    0x1c  startup_stm32f10x_hd.o [1]
  .text              ro code  0x08003b9c    0x1c  iarwstd.o [5]
  .text              ro code  0x08003bb8    0x1a  xwctomb.o [3]
  .text              ro code  0x08003bd2    0x1a  zero_init2.o [4]
  .text              ro code  0x08003bec    0x18  cmain.o [4]
  .text              ro code  0x08003c04    0x16  strchr.o [4]
  .text              ro code  0x08003c1a    0x16  xprout.o [3]
  .text              ro code  0x08003c30    0x14  localeconv.o [3]
  .text              ro code  0x08003c44    0x14  exit.o [5]
  .text              ro code  0x08003c58    0x14  setlocale.o [3]
  .rodata            const    0x08003c6c    0x10  xprintffull.o [3]
  .text              ro code  0x08003c7c     0xe  cexit.o [4]
  .text              ro code  0x08003c8a     0xe  div.o [3]
  .text              ro code  0x08003c98     0xc  putchar.o [3]
  .text              ro code  0x08003ca4     0xa  xmbcurmax.o [3]
  .rodata            const    0x08003cb0     0x8  xprintffull.o [3]
  .rodata            const    0x08003cb8     0x8  localeconv.o [3]
  .rodata            const    0x08003cc0     0x8  localeconv.o [3]
  .rodata            const    0x08003cc8     0x8  xencoding_sb.o [3]
  .rodata            const    0x08003cd0     0x8  xencoding_sb.o [3]
  .rodata            const    0x08003cd8     0x8  xlocale_c.o [3]
  .rodata            const    0x08003ce0     0x8  xlocale_c.o [3]
  .text              ro code  0x08003ce8     0x6  ABImemclr.o [4]
  .text              ro code  0x08003cee     0x6  exit.o [3]
  .rodata            const    0x08003cf4     0x4  system_stm32f10x.o [1]
  .text              ro code  0x08003cf8     0x2  I64DivZer.o [4]
  .text              ro code  0x08003cfa     0x4  startup_stm32f10x_hd.o [1]
  .text              ro code  0x08003cfe     0x4  startup_stm32f10x_hd.o [1]
  .text              ro code  0x08003d02     0x4  startup_stm32f10x_hd.o [1]
  .text              ro code  0x08003d06     0x4  startup_stm32f10x_hd.o [1]
  .text              ro code  0x08003d0a     0x4  startup_stm32f10x_hd.o [1]
  .text              ro code  0x08003d0e     0x4  startup_stm32f10x_hd.o [1]
  .text              ro code  0x08003d12     0x4  startup_stm32f10x_hd.o [1]
  .text              ro code  0x08003d16     0x4  startup_stm32f10x_hd.o [1]
  .text              ro code  0x08003d1a     0x4  startup_stm32f10x_hd.o [1]
  .text              ro code  0x08003d1e     0x4  startup_stm32f10x_hd.o [1]
  .text              ro code  0x08003d22     0x4  startup_stm32f10x_hd.o [1]
  .text              ro code  0x08003d26     0x4  startup_stm32f10x_hd.o [1]
  .text              ro code  0x08003d2a     0x4  startup_stm32f10x_hd.o [1]
  .text              ro code  0x08003d2e     0x4  startup_stm32f10x_hd.o [1]
  .text              ro code  0x08003d32     0x4  startup_stm32f10x_hd.o [1]
  .text              ro code  0x08003d36     0x4  startup_stm32f10x_hd.o [1]
  .text              ro code  0x08003d3a     0x4  startup_stm32f10x_hd.o [1]
  .text              ro code  0x08003d3e     0x4  startup_stm32f10x_hd.o [1]
  .text              ro code  0x08003d42     0x4  startup_stm32f10x_hd.o [1]
  .text              ro code  0x08003d46     0x4  startup_stm32f10x_hd.o [1]
  .text              ro code  0x08003d4a     0x4  startup_stm32f10x_hd.o [1]
  .text              ro code  0x08003d4e     0x4  startup_stm32f10x_hd.o [1]
  .text              ro code  0x08003d52     0x4  startup_stm32f10x_hd.o [1]
  .text              ro code  0x08003d56     0x4  startup_stm32f10x_hd.o [1]
  .text              ro code  0x08003d5a     0x4  startup_stm32f10x_hd.o [1]
  .text              ro code  0x08003d5e     0x4  startup_stm32f10x_hd.o [1]
  .text              ro code  0x08003d62     0x4  startup_stm32f10x_hd.o [1]
  .text              ro code  0x08003d66     0x4  startup_stm32f10x_hd.o [1]
  .text              ro code  0x08003d6a     0x4  startup_stm32f10x_hd.o [1]
  .text              ro code  0x08003d6e     0x4  startup_stm32f10x_hd.o [1]
  .text              ro code  0x08003d72     0x4  startup_stm32f10x_hd.o [1]
  .text              ro code  0x08003d76     0x4  startup_stm32f10x_hd.o [1]
  .text              ro code  0x08003d7a     0x4  startup_stm32f10x_hd.o [1]
  .text              ro code  0x08003d7e     0x4  startup_stm32f10x_hd.o [1]
  .text              ro code  0x08003d82     0x4  startup_stm32f10x_hd.o [1]
  .text              ro code  0x08003d86     0x4  startup_stm32f10x_hd.o [1]
  .text              ro code  0x08003d8a     0x4  startup_stm32f10x_hd.o [1]
  .text              ro code  0x08003d8e     0x4  startup_stm32f10x_hd.o [1]
  .text              ro code  0x08003d92     0x4  startup_stm32f10x_hd.o [1]
  .text              ro code  0x08003d96     0x4  startup_stm32f10x_hd.o [1]
  .text              ro code  0x08003d9a     0x4  startup_stm32f10x_hd.o [1]
  .text              ro code  0x08003d9e     0x4  startup_stm32f10x_hd.o [1]
  .text              ro code  0x08003da2     0x4  startup_stm32f10x_hd.o [1]
  .text              ro code  0x08003da6     0x4  startup_stm32f10x_hd.o [1]
  .text              ro code  0x08003daa     0x4  startup_stm32f10x_hd.o [1]
  .text              ro code  0x08003dae     0x4  startup_stm32f10x_hd.o [1]
  .text              ro code  0x08003db2     0x4  startup_stm32f10x_hd.o [1]
  .text              ro code  0x08003db6     0x4  startup_stm32f10x_hd.o [1]
  .text              ro code  0x08003dba     0x4  startup_stm32f10x_hd.o [1]
  .text              ro code  0x08003dbe     0x4  startup_stm32f10x_hd.o [1]
  .text              ro code  0x08003dc2     0x4  startup_stm32f10x_hd.o [1]
  .text              ro code  0x08003dc6     0x4  startup_stm32f10x_hd.o [1]
  .text              ro code  0x08003dca     0x4  startup_stm32f10x_hd.o [1]
  .text              ro code  0x08003dce     0x4  startup_stm32f10x_hd.o [1]
  .text              ro code  0x08003dd2     0x4  startup_stm32f10x_hd.o [1]
  .text              ro code  0x08003dd6     0x4  startup_stm32f10x_hd.o [1]
  .text              ro code  0x08003dda     0x4  startup_stm32f10x_hd.o [1]
  .text              ro code  0x08003dde     0x4  startup_stm32f10x_hd.o [1]
  .text              ro code  0x08003de2     0x4  startup_stm32f10x_hd.o [1]
  .text              ro code  0x08003de6     0x4  startup_stm32f10x_hd.o [1]
  .text              ro code  0x08003dea     0x4  startup_stm32f10x_hd.o [1]
  .text              ro code  0x08003dee     0x4  startup_stm32f10x_hd.o [1]
  .text              ro code  0x08003df2     0x4  startup_stm32f10x_hd.o [1]
  .text              ro code  0x08003df6     0x4  startup_stm32f10x_hd.o [1]
  .text              ro code  0x08003dfa     0x4  startup_stm32f10x_hd.o [1]
  .text              ro code  0x08003dfe     0x4  startup_stm32f10x_hd.o [1]
  .text              ro code  0x08003e02     0x4  startup_stm32f10x_hd.o [1]
  .text              ro code  0x08003e06     0x4  startup_stm32f10x_hd.o [1]
  .text              ro code  0x08003e0a     0x4  startup_stm32f10x_hd.o [1]
  .rodata            const    0x08003e0e     0x2  localeconv.o [3]
  .rodata            const    0x08003e10     0x2  xlocale_c.o [3]
  .rodata            const    0x08003e12     0x1  localeconv.o [3]
  .rodata            const    0x08003e13     0x1  setlocale.o [3]
  .rodata            const    0x08003e14     0x1  xlocale_c.o [3]
  Initializer bytes  ro data  0x08003e15    0x92  <for P2 s0>
                            - 0x08003ea7  0x3d77

"P2", part 1 of 3:                         0x7d4
  CSTACK                      0x20000000   0x400  <Block>
    CSTACK           uninit   0x20000000   0x400  <Block tail>
  HEAP                        0x20000400   0x200  <Block>
    HEAP             uninit   0x20000400   0x200  <Block tail>
  .iar.dynexit                0x20000600   0x1d4  <Block>
    .iar.dynexit     uninit   0x20000600     0xc  cppinit.o [3]
    .iar.dynexit     uninit   0x2000060c   0x1c8  <Block tail>
                            - 0x200007d4   0x7d4

"P2", part 2 of 3:                        0x1284
  .bss               zero     0x200007d4   0xc70  os_core.o [1]
  .bss               zero     0x20001444   0x280  app.o [1]
  .bss               zero     0x200016c4   0x280  main.o [1]
  .bss               zero     0x20001944    0x8c  os_core.o [1]
  .bss               zero     0x200019d0    0x50  xfiles.o [3]
  .bss               zero     0x20001a20    0x14  xsyslock.o [3]
  .bss               zero     0x20001a34     0x8  xxmemxmalloc.o [3]
  .bss               zero     0x20001a3c     0x4  os_core.o [1]
  .bss               zero     0x20001a40     0x4  xgetmemchunk.o [3]
  .bss               zero     0x20001a44     0x4  MtxWrapper.o [3]
  .bss               zero     0x20001a48     0x4  MtxWrapper.o [3]
  .bss               zero     0x20001a4c     0x4  MtxWrapper.o [3]
  .bss               zero     0x20001a50     0x4  MtxWrapper.o [3]
  .bss               zero     0x20001a54     0x4  iarwstd.o [5]
                            - 0x20001a58  0x1284

"P2", part 3 of 3:                         0x128
  P2 s0                       0x20001a58   0x128  <Init block>
    .data            inited   0x20001a58    0x84  setlocale.o [3]
    .data            inited   0x20001adc    0x4c  localeconv.o [3]
    .data            inited   0x20001b28    0x40  xfiles.o [3]
    .data            inited   0x20001b68    0x14  stm32f10x_rcc.o [1]
    .data            inited   0x20001b7c     0x4  cppinit.o [3]
                            - 0x20001b80   0x128


*******************************************************************************
*** INIT TABLE
***

          Address     Size
          -------     ----
Zero (__iar_zero_init2)
    1 destination range, total size 0x1284:
          0x200007d4  0x1284

Copy/packbits (__iar_packbits_init2)
    1 source range, total size 0x92 (49% of destination):
          0x08003e15    0x92
    1 destination range, total size 0x128:
          0x20001a58   0x128


*******************************************************************************
*** MODULE SUMMARY
***

    Module                  ro code  ro data  rw data
    ------                  -------  -------  -------
D:\Documents\Academics\ELEC3300\Lab\SmartHouse-System\Project\EWARMv5\STM3210E debug\Obj: [1]
    app.o                       186       60      640
    bsp.o                       900
    lcd.o                       526
    main.o                       48               640
    misc.o                      124
    os_core.o                 1 220      288    3 328
    os_cpu_a.o                  160
    os_cpu_c.o                  148
    os_flag.o                    76
    os_task.o                   736
    os_time.o                   376
    startup_stm32f10x_hd.o      608
    stm32f10x_adc.o             246
    stm32f10x_fsmc.o            220
    stm32f10x_gpio.o            374
    stm32f10x_it.o               36
    stm32f10x_rcc.o             568       10       20
    stm32f10x_usart.o           216
    system_stm32f10x.o          232        4
    -------------------------------------------------
    Total:                    7 000      362    4 628

command line: [2]
    -------------------------------------------------
    Total:

dl7M_tl_if.a: [3]
    MtxWrapper.o                 48                16
    cppinit.o                   108        2       16
    div.o                        14
    exit.o                        6
    localeconv.o                 20       56       76
    printf.o                     32
    putchar.o                    12
    setlocale.o                  20       66      132
    xdnorm.o                    180
    xdscale.o                   268
    xencoding_sb.o               84       16
    xfiles.o                              32      144
    xgetmemchunk.o               40                 4
    xlocale_c.o                           91
    xmbcurmax.o                  10
    xmbtowc.o                    32
    xprintffull.o             4 110       24
    xprout.o                     22
    xsyslock.o                  140                20
    xwctomb.o                    26
    xxmemxfree.o                136
    xxmemxmalloc.o              188                 8
    -------------------------------------------------
    Total:                    5 496      287      416

rt7M_tl.a: [4]
    ABImemclr.o                   6
    ABImemcpy.o                 112
    ABImemset.o                 102
    DblAdd.o                    230
    DblCmpGe.o                   46
    DblCmpLe.o                   46
    DblDiv.o                    582
    DblMul.o                    418
    DblSub.o                    382
    DblToI32.o                   86
    I32ToDbl.o                   46
    I64DivMod.o                 302
    I64DivZer.o                   2
    cexit.o                      14
    cmain.o                      24
    data_init2.o                 32
    memchr.o                     88
    packbits_init2.o            148
    strchr.o                     22
    strlen.o                     54
    zero_init2.o                 26
    -------------------------------------------------
    Total:                    2 768

shb_l.a: [5]
    exit.o                       20
    iarwstd.o                    28                 4
    -------------------------------------------------
    Total:                       48                 4

    Gaps                         32        2
    Linker created                        44    1 992
-----------------------------------------------------
    Grand Total:             15 344      695    7 040


*******************************************************************************
*** ENTRY LIST
***

Entry                      Address   Size  Type      Object
-----                      -------   ----  ----      ------
.iar.dynexit$$Base      0x20000600          --   Gb  - Linker created -
.iar.dynexit$$Limit     0x200007d4          --   Gb  - Linker created -
ADC1_2_IRQHandler       0x08003d67         Code  Wk  startup_stm32f10x_hd.o [1]
ADC3_IRQHandler         0x08003ddb         Code  Wk  startup_stm32f10x_hd.o [1]
ADCPrescTable           0x20001b78    0x4  Data  Lc  stm32f10x_rcc.o [1]
ADC_Cmd                 0x08002c8d   0x12  Code  Gb  stm32f10x_adc.o [1]
ADC_Configuration       0x080017d5   0x64  Code  Gb  bsp.o [1]
ADC_GetCalibrationStatus
                        0x08002cbf    0xc  Code  Gb  stm32f10x_adc.o [1]
ADC_GetResetCalibrationStatus
                        0x08002ca9    0xc  Code  Gb  stm32f10x_adc.o [1]
ADC_Init                0x08002c49   0x44  Code  Gb  stm32f10x_adc.o [1]
ADC_RegularChannelConfig
                        0x08002ccb   0x74  Code  Gb  stm32f10x_adc.o [1]
ADC_ResetCalibration    0x08002c9f    0xa  Code  Gb  stm32f10x_adc.o [1]
ADC_StartCalibration    0x08002cb5    0xa  Code  Gb  stm32f10x_adc.o [1]
APBAHBPrescTable        0x20001b68   0x10  Data  Lc  stm32f10x_rcc.o [1]
App_TCBInitHook         0x08003239    0x2  Code  Gb  app.o [1]
App_TaskCreateHook      0x08003231    0x2  Code  Gb  app.o [1]
App_TaskIdleHook        0x08003233    0x2  Code  Gb  app.o [1]
App_TaskStatHook        0x08003235    0x2  Code  Gb  app.o [1]
App_TaskSwHook          0x08003237    0x2  Code  Gb  app.o [1]
BSP_Init                0x08001605   0x5a  Code  Gb  bsp.o [1]
BusFault_Handler        0x08003ab7    0x2  Code  Gb  stm32f10x_it.o [1]
CAN1_RX1_IRQHandler     0x08003d73         Code  Wk  startup_stm32f10x_hd.o [1]
CAN1_SCE_IRQHandler     0x08003d77         Code  Wk  startup_stm32f10x_hd.o [1]
CSTACK$$Base            0x20000000          --   Gb  - Linker created -
CSTACK$$Limit           0x20000400          --   Gb  - Linker created -
DMA1_Channel1_IRQHandler
                        0x08003d4b         Code  Wk  startup_stm32f10x_hd.o [1]
DMA1_Channel2_IRQHandler
                        0x08003d4f         Code  Wk  startup_stm32f10x_hd.o [1]
DMA1_Channel3_IRQHandler
                        0x08003d53         Code  Wk  startup_stm32f10x_hd.o [1]
DMA1_Channel4_IRQHandler
                        0x08003d57         Code  Wk  startup_stm32f10x_hd.o [1]
DMA1_Channel5_IRQHandler
                        0x08003d5b         Code  Wk  startup_stm32f10x_hd.o [1]
DMA1_Channel6_IRQHandler
                        0x08003d5f         Code  Wk  startup_stm32f10x_hd.o [1]
DMA1_Channel7_IRQHandler
                        0x08003d63         Code  Wk  startup_stm32f10x_hd.o [1]
DMA2_Channel1_IRQHandler
                        0x08003dff         Code  Wk  startup_stm32f10x_hd.o [1]
DMA2_Channel2_IRQHandler
                        0x08003e03         Code  Wk  startup_stm32f10x_hd.o [1]
DMA2_Channel3_IRQHandler
                        0x08003e07         Code  Wk  startup_stm32f10x_hd.o [1]
DMA2_Channel4_5_IRQHandler
                        0x08003e0b         Code  Wk  startup_stm32f10x_hd.o [1]
DebugMon_Handler        0x08003abb    0x2  Code  Gb  stm32f10x_it.o [1]
DtorRecArray            0x20000600    0xc  Data  Lc  cppinit.o [3]
EXTI0_IRQHandler        0x08003d37         Code  Wk  startup_stm32f10x_hd.o [1]
EXTI15_10_IRQHandler    0x08003dbf         Code  Wk  startup_stm32f10x_hd.o [1]
EXTI1_IRQHandler        0x08003d3b         Code  Wk  startup_stm32f10x_hd.o [1]
EXTI2_IRQHandler        0x08003d3f         Code  Wk  startup_stm32f10x_hd.o [1]
EXTI3_IRQHandler        0x08003d43         Code  Wk  startup_stm32f10x_hd.o [1]
EXTI4_IRQHandler        0x08003d47         Code  Wk  startup_stm32f10x_hd.o [1]
EXTI9_5_IRQHandler      0x08003d7b         Code  Wk  startup_stm32f10x_hd.o [1]
FLASH_IRQHandler        0x08003d2f         Code  Wk  startup_stm32f10x_hd.o [1]
FSMC_IRQHandler         0x08003ddf         Code  Wk  startup_stm32f10x_hd.o [1]
FSMC_NORSRAMCmd         0x08002fcd   0x20  Code  Gb  stm32f10x_fsmc.o [1]
FSMC_NORSRAMInit        0x08002f11   0xb4  Code  Gb  stm32f10x_fsmc.o [1]
GPIO_Configuration      0x080016e5   0x70  Code  Gb  bsp.o [1]
GPIO_DeInit             0x08002795   0xb8  Code  Gb  stm32f10x_gpio.o [1]
GPIO_Init               0x0800284d   0xbe  Code  Gb  stm32f10x_gpio.o [1]
HEAP$$Base              0x20000400          --   Gb  - Linker created -
HEAP$$Limit             0x20000600          --   Gb  - Linker created -
HardFault_Handler       0x08003ab3    0x2  Code  Gb  stm32f10x_it.o [1]
I2C1_ER_IRQHandler      0x08003d9f         Code  Wk  startup_stm32f10x_hd.o [1]
I2C1_EV_IRQHandler      0x08003d9b         Code  Wk  startup_stm32f10x_hd.o [1]
I2C2_ER_IRQHandler      0x08003da7         Code  Wk  startup_stm32f10x_hd.o [1]
I2C2_EV_IRQHandler      0x08003da3         Code  Wk  startup_stm32f10x_hd.o [1]
LCD_Clear               0x080021d5   0x46  Code  Gb  lcd.o [1]
LCD_CtrlLinesConfig     0x0800221d   0x84  Code  Gb  lcd.o [1]
LCD_FSMCConfig          0x080022a1   0x56  Code  Gb  lcd.o [1]
MemManage_Handler       0x08003ab5    0x2  Code  Gb  stm32f10x_it.o [1]
NMI_Handler             0x08003ab1    0x2  Code  Gb  stm32f10x_it.o [1]
NVIC_Configuration      0x08001915   0x4c  Code  Gb  bsp.o [1]
NVIC_Init               0x080035dd   0x68  Code  Gb  misc.o [1]
NVIC_PriorityGroupConfig
                        0x080035cd   0x10  Code  Gb  misc.o [1]
OSCPUUsage              0x200007d4    0x1  Data  Gb  os_core.o [1]
OSCtxSw                 0x0800331b         Code  Gb  os_cpu_a.o [1]
OSCtxSwCtr              0x200007e0    0x4  Data  Gb  os_core.o [1]
OSEventFreeList         0x200007e4    0x4  Data  Gb  os_core.o [1]
OSEventTbl              0x2000088c  0x140  Data  Gb  os_core.o [1]
OSFlagFreeList          0x20001a3c    0x4  Data  Gb  os_core.o [1]
OSFlagTbl               0x20001944   0x8c  Data  Gb  os_core.o [1]
OSIdleCtr               0x200007f4    0x4  Data  Gb  os_core.o [1]
OSIdleCtrMax            0x200007e8    0x4  Data  Gb  os_core.o [1]
OSIdleCtrRun            0x200007ec    0x4  Data  Gb  os_core.o [1]
OSInit                  0x08001141  0x148  Code  Gb  os_core.o [1]
OSInitHookBegin         0x08003391    0x2  Code  Gb  os_cpu_c.o [1]
OSInitHookEnd           0x08003393    0x2  Code  Gb  os_cpu_c.o [1]
OSIntCtxSw              0x08003323         Code  Gb  os_cpu_a.o [1]
OSIntEnter              0x08001289   0x16  Code  Gb  os_core.o [1]
OSIntExit               0x0800129f   0x62  Code  Gb  os_core.o [1]
OSIntNesting            0x200007d6    0x1  Data  Gb  os_core.o [1]
OSLockNesting           0x200007d7    0x1  Data  Gb  os_core.o [1]
OSPrioCur               0x200007d8    0x1  Data  Gb  os_core.o [1]
OSPrioHighRdy           0x200007d9    0x1  Data  Gb  os_core.o [1]
OSRdyGrp                0x200007da    0x1  Data  Gb  os_core.o [1]
OSRdyTbl                0x200007f0    0x4  Data  Gb  os_core.o [1]
OSRunning               0x200007db    0x1  Data  Gb  os_core.o [1]
OSStart                 0x08001301   0x34  Code  Gb  os_core.o [1]
OSStartHighRdy          0x080032ff         Code  Gb  os_cpu_a.o [1]
OSStatRdy               0x200007d5    0x1  Data  Gb  os_core.o [1]
OSTCBCur                0x200007f8    0x4  Data  Gb  os_core.o [1]
OSTCBFreeList           0x200007fc    0x4  Data  Gb  os_core.o [1]
OSTCBHighRdy            0x20000800    0x4  Data  Gb  os_core.o [1]
OSTCBInitHook           0x0800341d    0x4  Code  Gb  os_cpu_c.o [1]
OSTCBList               0x20000804    0x4  Data  Gb  os_core.o [1]
OSTCBPrioTbl            0x20000808   0x80  Data  Gb  os_core.o [1]
OSTCBTbl                0x20000dcc  0x678  Data  Gb  os_core.o [1]
OSTaskCreate            0x08001989   0x92  Code  Gb  os_task.o [1]
OSTaskCreateExt         0x08001a1b   0xb2  Code  Gb  os_task.o [1]
OSTaskCreateHook        0x08003395    0x4  Code  Gb  os_cpu_c.o [1]
OSTaskCtr               0x200007dc    0x1  Data  Gb  os_core.o [1]
OSTaskIdleHook          0x08003399    0x4  Code  Gb  os_cpu_c.o [1]
OSTaskIdleStk           0x20000bcc  0x200  Data  Gb  os_core.o [1]
OSTaskNameSet           0x08001acd   0x7c  Code  Gb  os_task.o [1]
OSTaskStatHook          0x0800339d    0x4  Code  Gb  os_cpu_c.o [1]
OSTaskStatStk           0x200009cc  0x200  Data  Gb  os_core.o [1]
OSTaskStkChk            0x08001b55   0x7a  Code  Gb  os_task.o [1]
OSTaskStkInit           0x080033a1   0x78  Code  Gb  os_cpu_c.o [1]
OSTaskSuspend           0x08001bcf   0x88  Code  Gb  os_task.o [1]
OSTaskSwHook            0x08003419    0x4  Code  Gb  os_cpu_c.o [1]
OSTickStepState         0x200007dd    0x1  Data  Gb  os_core.o [1]
OSTime                  0x20000888    0x4  Data  Gb  os_core.o [1]
OSTimeDly               0x0800261d   0x3e  Code  Gb  os_time.o [1]
OSTimeDlyHMSM           0x0800265b  0x10e  Code  Gb  os_time.o [1]
OSTimeSet               0x08002779   0x14  Code  Gb  os_time.o [1]
OSTimeTick              0x08001335   0xa0  Code  Gb  os_core.o [1]
OSTimeTickHook          0x08003421    0x2  Code  Gb  os_cpu_c.o [1]
OSUnMapTbl              0x08002b48  0x100  Data  Gb  os_core.o [1]
OS_CPU_PendSVHandler    0x0800332b         Code  Gb  os_cpu_a.o [1]
OS_CPU_SR_Restore       0x080032f9         Code  Gb  os_cpu_a.o [1]
OS_CPU_SR_Save          0x080032f1         Code  Gb  os_cpu_a.o [1]
OS_FlagInit             0x08003891   0x48  Code  Gb  os_flag.o [1]
OS_MemClr               0x080013d5   0x12  Code  Gb  os_core.o [1]
OS_Sched                0x080013e7   0x4e  Code  Gb  os_core.o [1]
OS_StrCopy              0x08001439   0x1e  Code  Gb  os_core.o [1]
OS_StrLen               0x08001457   0x16  Code  Gb  os_core.o [1]
OS_TCBInit              0x08001515   0xea  Code  Gb  os_core.o [1]
OS_TaskIdle             0x0800146d   0x1a  Code  Gb  os_core.o [1]
OS_TaskStat             0x08001487   0x56  Code  Gb  os_core.o [1]
OS_TaskStatStkChk       0x080014dd   0x38  Code  Gb  os_core.o [1]
PVD_IRQHandler          0x08003d23         Code  Wk  startup_stm32f10x_hd.o [1]
RCC_ADCCLKConfig        0x08001fb9    0xe  Code  Gb  stm32f10x_rcc.o [1]
RCC_AHBPeriphClockCmd   0x08002059   0x18  Code  Gb  stm32f10x_rcc.o [1]
RCC_APB1PeriphClockCmd  0x08002089   0x18  Code  Gb  stm32f10x_rcc.o [1]
RCC_APB2PeriphClockCmd  0x08002071   0x18  Code  Gb  stm32f10x_rcc.o [1]
RCC_APB2PeriphResetCmd  0x080020a1   0x18  Code  Gb  stm32f10x_rcc.o [1]
RCC_Configuration       0x0800175d   0x76  Code  Gb  bsp.o [1]
RCC_DeInit              0x08001eb1   0x3c  Code  Gb  stm32f10x_rcc.o [1]
RCC_GetClocksFreq       0x08001fc9   0x8c  Code  Gb  stm32f10x_rcc.o [1]
RCC_GetFlagStatus       0x080020b9   0x2a  Code  Gb  stm32f10x_rcc.o [1]
RCC_GetSYSCLKSource     0x08001f83    0xa  Code  Gb  stm32f10x_rcc.o [1]
RCC_HCLKConfig          0x08001f8d    0xe  Code  Gb  stm32f10x_rcc.o [1]
RCC_HSEConfig           0x08001eed   0x32  Code  Gb  stm32f10x_rcc.o [1]
RCC_IRQHandler          0x08003d33         Code  Wk  startup_stm32f10x_hd.o [1]
RCC_Init                0x08001669   0x7c  Code  Gb  bsp.o [1]
RCC_PCLK1Config         0x08001f9b    0xe  Code  Gb  stm32f10x_rcc.o [1]
RCC_PCLK2Config         0x08001fa9   0x10  Code  Gb  stm32f10x_rcc.o [1]
RCC_PLLCmd              0x08001f69    0xc  Code  Gb  stm32f10x_rcc.o [1]
RCC_PLLConfig           0x08001f59   0x10  Code  Gb  stm32f10x_rcc.o [1]
RCC_SYSCLKConfig        0x08001f75    0xe  Code  Gb  stm32f10x_rcc.o [1]
RCC_WaitForHSEStartUp   0x08001f1f   0x3a  Code  Gb  stm32f10x_rcc.o [1]
RTCAlarm_IRQHandler     0x08003dc3         Code  Wk  startup_stm32f10x_hd.o [1]
RTC_IRQHandler          0x08003d2b         Code  Wk  startup_stm32f10x_hd.o [1]
Region$$Table$$Base     0x08003ad4          --   Gb  - Linker created -
Region$$Table$$Limit    0x08003b00          --   Gb  - Linker created -
SDIO_IRQHandler         0x08003de3         Code  Wk  startup_stm32f10x_hd.o [1]
SPI1_IRQHandler         0x08003dab         Code  Wk  startup_stm32f10x_hd.o [1]
SPI2_IRQHandler         0x08003daf         Code  Wk  startup_stm32f10x_hd.o [1]
SPI3_IRQHandler         0x08003deb         Code  Wk  startup_stm32f10x_hd.o [1]
STM3210E_LCD_Init       0x0800213d   0x98  Code  Gb  lcd.o [1]
SVC_Handler             0x08003abd    0x2  Code  Gb  stm32f10x_it.o [1]
SysTick_Handler         0x08003abf   0x16  Code  Gb  stm32f10x_it.o [1]
SystemFrequency         0x08003cf4    0x4  Data  Gb  system_stm32f10x.o [1]
SystemInit              0x08002d41   0xe8  Code  Gb  system_stm32f10x.o [1]
SystemInit_ExtMemCtl    0x08003b81         Code  Wk  startup_stm32f10x_hd.o [1]
TAMPER_IRQHandler       0x08003d27         Code  Wk  startup_stm32f10x_hd.o [1]
TIM1_BRK_IRQHandler     0x08003d7f         Code  Wk  startup_stm32f10x_hd.o [1]
TIM1_CC_IRQHandler      0x08003d8b         Code  Wk  startup_stm32f10x_hd.o [1]
TIM1_TRG_COM_IRQHandler
                        0x08003d87         Code  Wk  startup_stm32f10x_hd.o [1]
TIM1_UP_IRQHandler      0x08003d83         Code  Wk  startup_stm32f10x_hd.o [1]
TIM2_IRQHandler         0x08003d8f         Code  Wk  startup_stm32f10x_hd.o [1]
TIM3_IRQHandler         0x08003d93         Code  Wk  startup_stm32f10x_hd.o [1]
TIM4_IRQHandler         0x08003d97         Code  Wk  startup_stm32f10x_hd.o [1]
TIM5_IRQHandler         0x08003de7         Code  Wk  startup_stm32f10x_hd.o [1]
TIM6_IRQHandler         0x08003df7         Code  Wk  startup_stm32f10x_hd.o [1]
TIM7_IRQHandler         0x08003dfb         Code  Wk  startup_stm32f10x_hd.o [1]
TIM8_BRK_IRQHandler     0x08003dcb         Code  Wk  startup_stm32f10x_hd.o [1]
TIM8_CC_IRQHandler      0x08003dd7         Code  Wk  startup_stm32f10x_hd.o [1]
TIM8_TRG_COM_IRQHandler
                        0x08003dd3         Code  Wk  startup_stm32f10x_hd.o [1]
TIM8_UP_IRQHandler      0x08003dcf         Code  Wk  startup_stm32f10x_hd.o [1]
Task_Comm               0x080031bd   0x44  Code  Lc  app.o [1]
Task_LED                0x08003201   0x30  Code  Lc  app.o [1]
Task_Start              0x08003181   0x3c  Code  Gb  app.o [1]
UART4_IRQHandler        0x08003def         Code  Wk  startup_stm32f10x_hd.o [1]
UART5_IRQHandler        0x08003df3         Code  Wk  startup_stm32f10x_hd.o [1]
USART1_IRQHandler       0x08003db3         Code  Wk  startup_stm32f10x_hd.o [1]
USART2_IRQHandler       0x08003db7         Code  Wk  startup_stm32f10x_hd.o [1]
USART3_IRQHandler       0x08003dbb         Code  Wk  startup_stm32f10x_hd.o [1]
USART_Cmd               0x08003069   0x14  Code  Gb  stm32f10x_usart.o [1]
USART_Config            0x08001839   0xd8  Code  Gb  bsp.o [1]
USART_GetFlagStatus     0x080030b7    0xe  Code  Gb  stm32f10x_usart.o [1]
USART_ITConfig          0x0800307d   0x32  Code  Gb  stm32f10x_usart.o [1]
USART_Init              0x08002fed   0x78  Code  Gb  stm32f10x_usart.o [1]
USART_SendData          0x080030af    0x8  Code  Gb  stm32f10x_usart.o [1]
USBWakeUp_IRQHandler    0x08003dc7         Code  Wk  startup_stm32f10x_hd.o [1]
USB_HP_CAN1_TX_IRQHandler
                        0x08003d6b         Code  Wk  startup_stm32f10x_hd.o [1]
USB_LP_CAN1_RX0_IRQHandler
                        0x08003d6f         Code  Wk  startup_stm32f10x_hd.o [1]
UsageFault_Handler      0x08003ab9    0x2  Code  Gb  stm32f10x_it.o [1]
WWDG_IRQHandler         0x08003d1f         Code  Wk  startup_stm32f10x_hd.o [1]
_EncodingSb_Mbtowc      0x0800385d   0x34  Code  Gb  xencoding_sb.o [3]
_EncodingSb_Wctomb      0x0800383d   0x20  Code  Gb  xencoding_sb.o [3]
_GenldDefault           0x08000ebd  0x250  Code  Lc  xprintffull.o [3]
_IsdstStr               0x20001a7c    0x4  Data  Gb  setlocale.o [3]
_LdtobDefault           0x08000aa5  0x418  Code  Lc  xprintffull.o [3]
_LitobDefault           0x08000999  0x10c  Code  Lc  xprintffull.o [3]
_LocaleC_lconv          0x080038dc   0x48  Data  Gb  xlocale_c.o [3]
_LocaleEncoding         0x08003c59   0x10  Code  Gb  setlocale.o [3]
_LocaleReturnString     0x20001a8c   0x50  Data  Lc  setlocale.o [3]
_Locale_LconvArray      0x20001a88    0x4  Data  Gb  setlocale.o [3]
_Locale_Profile         0x20001a58   0x1c  Data  Gb  setlocale.o [3]
_Locale_lconv           0x20001ae0   0x48  Data  Gb  localeconv.o [3]
_Mbtowc                 0x08003b61   0x20  Code  Gb  xmbtowc.o [3]
_Printf                 0x08000131  0x59c  Code  Gb  xprintffull.o [3]
_Prout                  0x08003c1b   0x16  Code  Gb  xprout.o [3]
_PutcharsDefault        0x0800110d   0x32  Code  Lc  xprintffull.o [3]
_PutstrDefault          0x080006cd  0x2cc  Code  Lc  xprintffull.o [3]
_TzoneStr               0x20001a74    0x4  Data  Gb  setlocale.o [3]
_Wctomb                 0x08003bb9   0x1a  Code  Gb  xwctomb.o [3]
__aeabi_cdcmple         0x080039f9         Code  Gb  DblCmpLe.o [4]
__aeabi_cdrcmple        0x08003a29         Code  Gb  DblCmpGe.o [4]
__aeabi_d2iz            0x080037e5         Code  Gb  DblToI32.o [4]
__aeabi_d2uiz           0x08003811         Code  Gb  DblToI32.o [4]
__aeabi_dadd            0x08002e29         Code  Gb  DblAdd.o [4]
__aeabi_ddiv            0x08001c69         Code  Gb  DblDiv.o [4]
__aeabi_dmul            0x080022f9         Code  Gb  DblMul.o [4]
__aeabi_dsub            0x0800249d         Code  Gb  DblSub.o [4]
__aeabi_i2d             0x08003a59         Code  Gb  I32ToDbl.o [4]
__aeabi_ldiv0           0x08003cf9         Code  Gb  I64DivZer.o [4]
__aeabi_ldivmod         0x0800290d         Code  Gb  I64DivMod.o [4]
__aeabi_memclr          0x08003ce9         Code  Gb  ABImemclr.o [4]
__aeabi_memcpy          0x08003649         Code  Gb  ABImemcpy.o [4]
__aeabi_memcpy4         0x08003663         Code  Gb  ABImemcpy.o [4]
__aeabi_memcpy8         0x08003663         Code  Gb  ABImemcpy.o [4]
__aeabi_memset          0x08003725         Code  Gb  ABImemset.o [4]
__aeabi_ui2d            0x08003a6d         Code  Gb  I32ToDbl.o [4]
__aeabi_uldivmod        0x08002921         Code  Gb  I64DivMod.o [4]
__call_dtors            0x080036e1    0x4  Code  Gb  cppinit.o [3]
__cstart_call_dtors     0x08003c7f         Code  Gb  cexit.o [4]
__cxa_atexit            0x080036b9   0x28  Code  Gb  cppinit.o [3]
__cxa_finalize          0x080036e5   0x3c  Code  Gb  cppinit.o [3]
__data_Aldata           0x20001a34    0x8  Data  Gb  xxmemxmalloc.o [3]
__data_GetMemChunk      0x08003a89   0x28  Code  Gb  xgetmemchunk.o [3]
__exit                  0x08003c45   0x14  Code  Gb  exit.o [5]
__iar_Dnorm             0x0800323b   0xb4  Code  Gb  xdnorm.o [3]
__iar_Dscale            0x08002a3d  0x10c  Code  Gb  xdscale.o [3]
__iar_Locksyslock       0x080034e1   0x4c  Code  Gb  xsyslock.o [3]
__iar_Mbcurmax          0x08003ca5    0xa  Code  Gb  xmbcurmax.o [3]
__iar_Memchr            0x0800378d         Code  Gb  memchr.o [4]
__iar_Memset            0x08003725         Code  Gb  ABImemset.o [4]
__iar_Memset_word       0x0800372d         Code  Gb  ABImemset.o [4]
__iar_Mtxdst            0x080039cf    0x4  Code  Gb  MtxWrapper.o [3]
__iar_Mtxinit           0x080039c9    0x6  Code  Gb  MtxWrapper.o [3]
__iar_Mtxlock           0x080039dd    0x6  Code  Gb  MtxWrapper.o [3]
__iar_Mtxunlock         0x080039e3    0x6  Code  Gb  MtxWrapper.o [3]
__iar_Stdout            0x20001b28   0x40  Data  Gb  xfiles.o [3]
__iar_Strchr            0x08003c05         Code  Gb  strchr.o [4]
__iar_Tls_setup__IsdstStr
                        0x20001a80    0x4  Data  Gb  setlocale.o [3]
__iar_Tls_setup__Locale_Profile
                        0x20001a84    0x4  Data  Gb  setlocale.o [3]
__iar_Tls_setup__Locale_lconv
                        0x20001adc    0x4  Data  Gb  localeconv.o [3]
__iar_Tls_setup__TzoneStr
                        0x20001a78    0x4  Data  Gb  setlocale.o [3]
__iar_Unlocksyslock     0x0800352d   0x14  Code  Gb  xsyslock.o [3]
__iar_d2uiz             0x0800381b         Code  Gb  DblToI32.o [4]
__iar_dadd              0x08002e3b         Code  Gb  DblAdd.o [4]
__iar_data_init2        0x08003b41   0x20  Code  Gb  data_init2.o [4]
__iar_dsub              0x080024af         Code  Gb  DblSub.o [4]
__iar_dsubStart         0x080024c1         Code  Gb  DblSub.o [4]
__iar_packbits_init2    0x08003425   0x94  Code  Gb  packbits_init2.o [4]
__iar_program_start     0x08003bed         Code  Gb  cmain.o [4]
__iar_sh_stdout_close   0x08003b9d   0x16  Code  Gb  iarwstd.o [5]
__iar_sh_stdout_handle  0x20001a54    0x4  Data  Lc  iarwstd.o [5]
__iar_ui2d              0x08003a6f         Code  Gb  I32ToDbl.o [4]
__iar_zero_init2        0x08003bd3   0x1a  Code  Gb  zero_init2.o [4]
__low_level_init        0x08003b83         Code  Gb  startup_stm32f10x_hd.o [1]
__vector_table          0x08000000         Data  Gb  startup_stm32f10x_hd.o [1]
_exit                   0x08003c7d         Code  Gb  cexit.o [4]
_main                   0x08003bff         Code  Gb  cmain.o [4]
clearlocks              0x080034b9   0x26  Code  Lc  xsyslock.o [3]
delay                   0x080020e9   0x1e  Code  Gb  lcd.o [1]
div                     0x08003c8b    0xe  Code  Gb  div.o [3]
exit                    0x08003cef    0x6  Code  Gb  exit.o [3]
fputc                   0x08001961   0x22  Code  Gb  bsp.o [1]
free                    0x08003545   0x88  Code  Gb  xxmemxfree.o [3]
localeconv              0x08003c31   0x14  Code  Gb  localeconv.o [3]
main                    0x08003999   0x30  Code  Gb  main.o [1]
malloc                  0x080030c5   0xbc  Code  Gb  xxmemxmalloc.o [3]
memchr                  0x0800378d         Code  Gb  memchr.o [4]
mtx                     0x20001a24   0x10  Data  Lc  xsyslock.o [3]
mtxdst                  0x20001a48    0x4  Data  Lc  MtxWrapper.o [3]
mtxinit                 0x20001a44    0x4  Data  Lc  MtxWrapper.o [3]
mtxlock                 0x20001a4c    0x4  Data  Lc  MtxWrapper.o [3]
mtxunlock               0x20001a50    0x4  Data  Lc  MtxWrapper.o [3]
next_abi_dtor_rec       0x20001b7c    0x4  Data  Lc  cppinit.o [3]
obuf                    0x200019d0   0x50  Data  Lc  xfiles.o [3]
power_delay             0x08002121   0x1c  Code  Gb  lcd.o [1]
printf                  0x08003b21   0x20  Code  Gb  printf.o [3]
putchar                 0x08003c99    0xc  Code  Gb  putchar.o [3]
reset_delay             0x08002107   0x18  Code  Gb  lcd.o [1]
startup_task_stk        0x200016c4  0x280  Data  Lc  main.o [1]
strchr                  0x08003c05         Code  Gb  strchr.o [4]
strlen                  0x08003961         Code  Gb  strlen.o [4]
syslock_o               0x20001a20    0x4  Data  Lc  xsyslock.o [3]
task_comm_stk           0x20001584  0x140  Data  Lc  app.o [1]
task_led_stk            0x20001444  0x140  Data  Lc  app.o [1]


[1] = D:\Documents\Academics\ELEC3300\Lab\SmartHouse-System\Project\EWARMv5\STM3210E debug\Obj
[2] = command line
[3] = dl7M_tl_if.a
[4] = rt7M_tl.a
[5] = shb_l.a

  15 344 bytes of readonly  code memory
     695 bytes of readonly  data memory
   7 040 bytes of readwrite data memory

Errors: none
Warnings: none
