###############################################################################
#                                                                             #
# IAR ELF Linker V5.40.5.51622/W32 for ARM              26/Nov/2015  08:23:53 #
# Copyright (C) 2007-2009 IAR Systems AB.                                     #
#                                                                             #
#    Output file  =  D:\Documents\Academics\ELEC3300\Lab\SmartHouse-System\Pr #
#                    oject\EWARMv5\STM3210E debug\Exe\STM3210E-EVAL.out       #
#    Map file     =  D:\Documents\Academics\ELEC3300\Lab\SmartHouse-System\Pr #
#                    oject\EWARMv5\STM3210E debug\List\STM3210E-EVAL.map      #
#    Command line =  "D:\Documents\Academics\ELEC3300\Lab\SmartHouse-System\P #
#                    roject\EWARMv5\STM3210E debug\Obj\DS18B20.o"             #
#                    "D:\Documents\Academics\ELEC3300\Lab\SmartHouse-System\P #
#                    roject\EWARMv5\STM3210E debug\Obj\app.o"                 #
#                    "D:\Documents\Academics\ELEC3300\Lab\SmartHouse-System\P #
#                    roject\EWARMv5\STM3210E debug\Obj\bsp.o"                 #
#                    "D:\Documents\Academics\ELEC3300\Lab\SmartHouse-System\P #
#                    roject\EWARMv5\STM3210E debug\Obj\core_cm3.o"            #
#                    "D:\Documents\Academics\ELEC3300\Lab\SmartHouse-System\P #
#                    roject\EWARMv5\STM3210E debug\Obj\cursor.o"              #
#                    "D:\Documents\Academics\ELEC3300\Lab\SmartHouse-System\P #
#                    roject\EWARMv5\STM3210E debug\Obj\fingerprint.o"         #
#                    "D:\Documents\Academics\ELEC3300\Lab\SmartHouse-System\P #
#                    roject\EWARMv5\STM3210E debug\Obj\lcd.o"                 #
#                    "D:\Documents\Academics\ELEC3300\Lab\SmartHouse-System\P #
#                    roject\EWARMv5\STM3210E debug\Obj\main.o"                #
#                    "D:\Documents\Academics\ELEC3300\Lab\SmartHouse-System\P #
#                    roject\EWARMv5\STM3210E debug\Obj\misc.o"                #
#                    "D:\Documents\Academics\ELEC3300\Lab\SmartHouse-System\P #
#                    roject\EWARMv5\STM3210E debug\Obj\os_core.o"             #
#                    "D:\Documents\Academics\ELEC3300\Lab\SmartHouse-System\P #
#                    roject\EWARMv5\STM3210E debug\Obj\os_cpu_a.o"            #
#                    "D:\Documents\Academics\ELEC3300\Lab\SmartHouse-System\P #
#                    roject\EWARMv5\STM3210E debug\Obj\os_cpu_c.o"            #
#                    "D:\Documents\Academics\ELEC3300\Lab\SmartHouse-System\P #
#                    roject\EWARMv5\STM3210E debug\Obj\os_dbg.o"              #
#                    "D:\Documents\Academics\ELEC3300\Lab\SmartHouse-System\P #
#                    roject\EWARMv5\STM3210E debug\Obj\os_flag.o"             #
#                    "D:\Documents\Academics\ELEC3300\Lab\SmartHouse-System\P #
#                    roject\EWARMv5\STM3210E debug\Obj\os_mbox.o"             #
#                    "D:\Documents\Academics\ELEC3300\Lab\SmartHouse-System\P #
#                    roject\EWARMv5\STM3210E debug\Obj\os_mem.o"              #
#                    "D:\Documents\Academics\ELEC3300\Lab\SmartHouse-System\P #
#                    roject\EWARMv5\STM3210E debug\Obj\os_mutex.o"            #
#                    "D:\Documents\Academics\ELEC3300\Lab\SmartHouse-System\P #
#                    roject\EWARMv5\STM3210E debug\Obj\os_q.o"                #
#                    "D:\Documents\Academics\ELEC3300\Lab\SmartHouse-System\P #
#                    roject\EWARMv5\STM3210E debug\Obj\os_sem.o"              #
#                    "D:\Documents\Academics\ELEC3300\Lab\SmartHouse-System\P #
#                    roject\EWARMv5\STM3210E debug\Obj\os_task.o"             #
#                    "D:\Documents\Academics\ELEC3300\Lab\SmartHouse-System\P #
#                    roject\EWARMv5\STM3210E debug\Obj\os_time.o"             #
#                    "D:\Documents\Academics\ELEC3300\Lab\SmartHouse-System\P #
#                    roject\EWARMv5\STM3210E debug\Obj\os_tmr.o"              #
#                    "D:\Documents\Academics\ELEC3300\Lab\SmartHouse-System\P #
#                    roject\EWARMv5\STM3210E debug\Obj\startup_stm32f10x_hd.o #
#                    " "D:\Documents\Academics\ELEC3300\Lab\SmartHouse-System #
#                    \Project\EWARMv5\STM3210E debug\Obj\stm32f10x_adc.o"     #
#                    "D:\Documents\Academics\ELEC3300\Lab\SmartHouse-System\P #
#                    roject\EWARMv5\STM3210E debug\Obj\stm32f10x_exti.o"      #
#                    "D:\Documents\Academics\ELEC3300\Lab\SmartHouse-System\P #
#                    roject\EWARMv5\STM3210E debug\Obj\stm32f10x_fsmc.o"      #
#                    "D:\Documents\Academics\ELEC3300\Lab\SmartHouse-System\P #
#                    roject\EWARMv5\STM3210E debug\Obj\stm32f10x_gpio.o"      #
#                    "D:\Documents\Academics\ELEC3300\Lab\SmartHouse-System\P #
#                    roject\EWARMv5\STM3210E debug\Obj\stm32f10x_it.o"        #
#                    "D:\Documents\Academics\ELEC3300\Lab\SmartHouse-System\P #
#                    roject\EWARMv5\STM3210E debug\Obj\stm32f10x_rcc.o"       #
#                    "D:\Documents\Academics\ELEC3300\Lab\SmartHouse-System\P #
#                    roject\EWARMv5\STM3210E debug\Obj\stm32f10x_tim.o"       #
#                    "D:\Documents\Academics\ELEC3300\Lab\SmartHouse-System\P #
#                    roject\EWARMv5\STM3210E debug\Obj\stm32f10x_usart.o"     #
#                    "D:\Documents\Academics\ELEC3300\Lab\SmartHouse-System\P #
#                    roject\EWARMv5\STM3210E debug\Obj\system_stm32f10x.o"    #
#                    -o "D:\Documents\Academics\ELEC3300\Lab\SmartHouse-Syste #
#                    m\Project\EWARMv5\STM3210E debug\Exe\STM3210E-EVAL.out"  #
#                    --map "D:\Documents\Academics\ELEC3300\Lab\SmartHouse-Sy #
#                    stem\Project\EWARMv5\STM3210E                            #
#                    debug\List\STM3210E-EVAL.map" --config                   #
#                    D:\Documents\Academics\ELEC3300\Lab\SmartHouse-System\Pr #
#                    oject\EWARMv5\STM32F10x_FLASH.icf --semihosting --entry  #
#                    __iar_program_start                                      #
#                                                                             #
#                                                                             #
###############################################################################

*******************************************************************************
*** RUNTIME MODEL ATTRIBUTES
***

__endian      = little
__thumb_aware = enabled


*******************************************************************************
*** PLACEMENT SUMMARY
***

"A1":  place at 0x08000000 { ro section .intvec };
"P1":  place in [from 0x08000000 to 0x0807ffff] { ro };
"P2":  place in [from 0x20000000 to 0x2000ffff] {
          rw, block CSTACK, block HEAP };

  Section            Kind        Address    Size  Object
  -------            ----        -------    ----  ------
"A1":                                      0x130
  .intvec            ro code  0x08000000   0x130  startup_stm32f10x_hd.o [1]
                            - 0x08000130   0x130

"P1":                                     0x5e5e
  .text              ro code  0x08000130  0x100e  xprintffull.o [3]
  .text              ro code  0x08001140   0x89a  app.o [1]
  .text              ro code  0x080019dc   0x724  os_core.o [1]
  .text              ro code  0x08002100   0x534  bsp.o [1]
  .text              ro code  0x08002634   0x4a8  lcd.o [1]
  .text              ro code  0x08002adc   0x460  cursor.o [1]
  .text              ro code  0x08002f3c   0x3dc  fingerprint.o [1]
  .text              ro code  0x08003318   0x390  os_task.o [1]
  .text              ro code  0x080036a8   0x334  stm32f10x_rcc.o [1]
  .text              ro code  0x080039dc   0x246  DblDiv.o [4]
  .text              ro code  0x08003c24   0x1b8  stm32f10x_gpio.o [1]
  .text              ro code  0x08003ddc   0x1a2  DblMul.o [4]
  .text              ro code  0x08003f80   0x192  stm32f10x_usart.o [1]
  .text              ro code  0x08004114   0x17e  DblSub.o [4]
  .text              ro code  0x08004294   0x150  system_stm32f10x.o [1]
  .text              ro code  0x080043e4   0x134  os_time.o [1]
  .text              ro code  0x08004518   0x12e  I64DivMod.o [4]
  .text              ro code  0x08004648   0x11c  stm32f10x_tim.o [1]
  .text              ro code  0x08004764   0x114  stm32f10x_fsmc.o [1]
  .text              ro code  0x08004878   0x10c  xdscale.o [3]
  .rodata            const    0x08004984   0x100  os_core.o [1]
  .text              ro code  0x08004a84    0xe8  stm32f10x_it.o [1]
  .text              ro code  0x08004b6c    0xe6  DblAdd.o [4]
  .text              ro code  0x08004c54    0xbc  xxmemxmalloc.o [3]
  .text              ro code  0x08004d10    0xb4  xdnorm.o [3]
  .text              ro code  0x08004dc4    0xac  os_cpu_c.o [1]
  CODE               ro code  0x08004e70    0xa0  os_cpu_a.o [1]
  .text              ro code  0x08004f10    0x94  packbits_init2.o [4]
  .text              ro code  0x08004fa4    0x8c  xsyslock.o [3]
  .text              ro code  0x08005030    0x88  misc.o [1]
  .text              ro code  0x080050b8    0x88  xxmemxfree.o [3]
  .text              ro code  0x08005140    0x70  ABImemcpy.o [4]
  .text              ro code  0x080051b0    0x6c  cppinit.o [3]
  .text              ro code  0x0800521c    0x58  memchr.o [4]
  .text              ro code  0x08005274    0x56  DblToI32.o [4]
  .text              ro code  0x080052cc    0x54  os_flag.o [1]
  .text              ro code  0x08005320    0x54  xencoding_sb.o [3]
  .rodata            const    0x08005374    0x48  xlocale_c.o [3]
  .text              ro code  0x080053bc    0x36  strlen.o [4]
  .text              ro code  0x080053f4    0x30  MtxWrapper.o [3]
  .text              ro code  0x08005424    0x2e  DblCmpLe.o [4]
  .text              ro code  0x08005454    0x2e  DblCmpGe.o [4]
  .text              ro code  0x08005484    0x2e  I32ToDbl.o [4]
  .text              ro code  0x080054b4    0x2c  main.o [1]
  .text              ro code  0x080054e0    0x2c  strncmp.o [3]
  .text              ro code  0x0800550c    0x28  xgetmemchunk.o [3]
  .rodata            const    0x08005534    0x24  app.o [1]
  .rodata            const    0x08005558    0x24  app.o [1]
  .rodata            const    0x0800557c    0x24  app.o [1]
  .iar.init_table    const    0x080055a0    0x2c  - Linker created -
  .rodata            const    0x080055cc    0x20  app.o [1]
  .text              ro code  0x080055ec    0x20  printf.o [3]
  .text              ro code  0x0800560c    0x20  data_init2.o [4]
  .text              ro code  0x0800562c    0x20  xmbtowc.o [3]
  .text              ro code  0x0800564c    0x1c  startup_stm32f10x_hd.o [1]
  .text              ro code  0x08005668    0x1c  iarwstd.o [5]
  .text              ro code  0x08005684    0x1a  xwctomb.o [3]
  .text              ro code  0x0800569e    0x1a  zero_init2.o [4]
  .rodata            const    0x080056b8    0x18  app.o [1]
  .rodata            const    0x080056d0    0x18  app.o [1]
  .rodata            const    0x080056e8    0x18  app.o [1]
  .rodata            const    0x08005700    0x18  app.o [1]
  .rodata            const    0x08005718    0x18  app.o [1]
  .text              ro code  0x08005730    0x18  cmain.o [4]
  .text              ro code  0x08005748    0x16  strchr.o [4]
  .text              ro code  0x0800575e    0x16  xprout.o [3]
  .rodata            const    0x08005774    0x14  app.o [1]
  .rodata            const    0x08005788    0x14  app.o [1]
  .rodata            const    0x0800579c    0x14  app.o [1]
  .rodata            const    0x080057b0    0x14  cursor.o [1]
  .rodata            const    0x080057c4    0x14  cursor.o [1]
  .text              ro code  0x080057d8    0x14  localeconv.o [3]
  .text              ro code  0x080057ec    0x14  exit.o [5]
  .text              ro code  0x08005800    0x14  setlocale.o [3]
  .rodata            const    0x08005814    0x10  app.o [1]
  .rodata            const    0x08005824    0x10  app.o [1]
  .rodata            const    0x08005834    0x10  app.o [1]
  .rodata            const    0x08005844    0x10  app.o [1]
  .rodata            const    0x08005854    0x10  app.o [1]
  .rodata            const    0x08005864    0x10  os_core.o [1]
  .rodata            const    0x08005874    0x10  os_core.o [1]
  .rodata            const    0x08005884    0x10  xprintffull.o [3]
  .text              ro code  0x08005894     0xe  cexit.o [4]
  .text              ro code  0x080058a2     0xe  div.o [3]
  .rodata            const    0x080058b0     0xc  app.o [1]
  .rodata            const    0x080058bc     0xc  app.o [1]
  .rodata            const    0x080058c8     0xc  app.o [1]
  .rodata            const    0x080058d4     0xc  app.o [1]
  .rodata            const    0x080058e0     0xc  app.o [1]
  .rodata            const    0x080058ec     0xc  app.o [1]
  .rodata            const    0x080058f8     0xc  app.o [1]
  .rodata            const    0x08005904     0xc  app.o [1]
  .rodata            const    0x08005910     0xc  app.o [1]
  .text              ro code  0x0800591c     0xc  putchar.o [3]
  .text              ro code  0x08005928     0xa  xmbcurmax.o [3]
  .rodata            const    0x08005934     0x8  app.o [1]
  .rodata            const    0x0800593c     0x8  app.o [1]
  .rodata            const    0x08005944     0x8  app.o [1]
  .rodata            const    0x0800594c     0x8  app.o [1]
  .rodata            const    0x08005954     0x8  app.o [1]
  .rodata            const    0x0800595c     0x8  xprintffull.o [3]
  .rodata            const    0x08005964     0x8  localeconv.o [3]
  .rodata            const    0x0800596c     0x8  localeconv.o [3]
  .rodata            const    0x08005974     0x8  xencoding_sb.o [3]
  .rodata            const    0x0800597c     0x8  xencoding_sb.o [3]
  .rodata            const    0x08005984     0x8  xlocale_c.o [3]
  .rodata            const    0x0800598c     0x8  xlocale_c.o [3]
  .text              ro code  0x08005994     0x6  exit.o [3]
  .rodata            const    0x0800599c     0x4  system_stm32f10x.o [1]
  .text              ro code  0x080059a0     0x2  I64DivZer.o [4]
  .text              ro code  0x080059a2     0x4  startup_stm32f10x_hd.o [1]
  .text              ro code  0x080059a6     0x4  startup_stm32f10x_hd.o [1]
  .text              ro code  0x080059aa     0x4  startup_stm32f10x_hd.o [1]
  .text              ro code  0x080059ae     0x4  startup_stm32f10x_hd.o [1]
  .text              ro code  0x080059b2     0x4  startup_stm32f10x_hd.o [1]
  .text              ro code  0x080059b6     0x4  startup_stm32f10x_hd.o [1]
  .text              ro code  0x080059ba     0x4  startup_stm32f10x_hd.o [1]
  .text              ro code  0x080059be     0x4  startup_stm32f10x_hd.o [1]
  .text              ro code  0x080059c2     0x4  startup_stm32f10x_hd.o [1]
  .text              ro code  0x080059c6     0x4  startup_stm32f10x_hd.o [1]
  .text              ro code  0x080059ca     0x4  startup_stm32f10x_hd.o [1]
  .text              ro code  0x080059ce     0x4  startup_stm32f10x_hd.o [1]
  .text              ro code  0x080059d2     0x4  startup_stm32f10x_hd.o [1]
  .text              ro code  0x080059d6     0x4  startup_stm32f10x_hd.o [1]
  .text              ro code  0x080059da     0x4  startup_stm32f10x_hd.o [1]
  .text              ro code  0x080059de     0x4  startup_stm32f10x_hd.o [1]
  .text              ro code  0x080059e2     0x4  startup_stm32f10x_hd.o [1]
  .text              ro code  0x080059e6     0x4  startup_stm32f10x_hd.o [1]
  .text              ro code  0x080059ea     0x4  startup_stm32f10x_hd.o [1]
  .text              ro code  0x080059ee     0x4  startup_stm32f10x_hd.o [1]
  .text              ro code  0x080059f2     0x4  startup_stm32f10x_hd.o [1]
  .text              ro code  0x080059f6     0x4  startup_stm32f10x_hd.o [1]
  .text              ro code  0x080059fa     0x4  startup_stm32f10x_hd.o [1]
  .text              ro code  0x080059fe     0x4  startup_stm32f10x_hd.o [1]
  .text              ro code  0x08005a02     0x4  startup_stm32f10x_hd.o [1]
  .text              ro code  0x08005a06     0x4  startup_stm32f10x_hd.o [1]
  .text              ro code  0x08005a0a     0x4  startup_stm32f10x_hd.o [1]
  .text              ro code  0x08005a0e     0x4  startup_stm32f10x_hd.o [1]
  .text              ro code  0x08005a12     0x4  startup_stm32f10x_hd.o [1]
  .text              ro code  0x08005a16     0x4  startup_stm32f10x_hd.o [1]
  .text              ro code  0x08005a1a     0x4  startup_stm32f10x_hd.o [1]
  .text              ro code  0x08005a1e     0x4  startup_stm32f10x_hd.o [1]
  .text              ro code  0x08005a22     0x4  startup_stm32f10x_hd.o [1]
  .text              ro code  0x08005a26     0x4  startup_stm32f10x_hd.o [1]
  .text              ro code  0x08005a2a     0x4  startup_stm32f10x_hd.o [1]
  .text              ro code  0x08005a2e     0x4  startup_stm32f10x_hd.o [1]
  .text              ro code  0x08005a32     0x4  startup_stm32f10x_hd.o [1]
  .text              ro code  0x08005a36     0x4  startup_stm32f10x_hd.o [1]
  .text              ro code  0x08005a3a     0x4  startup_stm32f10x_hd.o [1]
  .text              ro code  0x08005a3e     0x4  startup_stm32f10x_hd.o [1]
  .text              ro code  0x08005a42     0x4  startup_stm32f10x_hd.o [1]
  .text              ro code  0x08005a46     0x4  startup_stm32f10x_hd.o [1]
  .text              ro code  0x08005a4a     0x4  startup_stm32f10x_hd.o [1]
  .text              ro code  0x08005a4e     0x4  startup_stm32f10x_hd.o [1]
  .text              ro code  0x08005a52     0x4  startup_stm32f10x_hd.o [1]
  .text              ro code  0x08005a56     0x4  startup_stm32f10x_hd.o [1]
  .text              ro code  0x08005a5a     0x4  startup_stm32f10x_hd.o [1]
  .text              ro code  0x08005a5e     0x4  startup_stm32f10x_hd.o [1]
  .text              ro code  0x08005a62     0x4  startup_stm32f10x_hd.o [1]
  .text              ro code  0x08005a66     0x4  startup_stm32f10x_hd.o [1]
  .text              ro code  0x08005a6a     0x4  startup_stm32f10x_hd.o [1]
  .text              ro code  0x08005a6e     0x4  startup_stm32f10x_hd.o [1]
  .text              ro code  0x08005a72     0x4  startup_stm32f10x_hd.o [1]
  .text              ro code  0x08005a76     0x4  startup_stm32f10x_hd.o [1]
  .text              ro code  0x08005a7a     0x4  startup_stm32f10x_hd.o [1]
  .text              ro code  0x08005a7e     0x4  startup_stm32f10x_hd.o [1]
  .text              ro code  0x08005a82     0x4  startup_stm32f10x_hd.o [1]
  .text              ro code  0x08005a86     0x4  startup_stm32f10x_hd.o [1]
  .text              ro code  0x08005a8a     0x4  startup_stm32f10x_hd.o [1]
  .text              ro code  0x08005a8e     0x4  startup_stm32f10x_hd.o [1]
  .text              ro code  0x08005a92     0x4  startup_stm32f10x_hd.o [1]
  .text              ro code  0x08005a96     0x4  startup_stm32f10x_hd.o [1]
  .text              ro code  0x08005a9a     0x4  startup_stm32f10x_hd.o [1]
  .text              ro code  0x08005a9e     0x4  startup_stm32f10x_hd.o [1]
  .text              ro code  0x08005aa2     0x4  startup_stm32f10x_hd.o [1]
  .text              ro code  0x08005aa6     0x4  startup_stm32f10x_hd.o [1]
  .text              ro code  0x08005aaa     0x4  startup_stm32f10x_hd.o [1]
  .text              ro code  0x08005aae     0x4  startup_stm32f10x_hd.o [1]
  .text              ro code  0x08005ab2     0x4  startup_stm32f10x_hd.o [1]
  .rodata            const    0x08005ab6     0x2  localeconv.o [3]
  .rodata            const    0x08005ab8     0x2  xlocale_c.o [3]
  .rodata            const    0x08005aba     0x1  localeconv.o [3]
  .rodata            const    0x08005abb     0x1  setlocale.o [3]
  .rodata            const    0x08005abc     0x1  xlocale_c.o [3]
  Initializer bytes  ro data  0x08005abd   0x4d1  <for P2 s0>
                            - 0x08005f8e  0x5e5e

"P2", part 1 of 3:                         0x7d4
  CSTACK                      0x20000000   0x400  <Block>
    CSTACK           uninit   0x20000000   0x400  <Block tail>
  HEAP                        0x20000400   0x200  <Block>
    HEAP             uninit   0x20000400   0x200  <Block tail>
  .iar.dynexit                0x20000600   0x1d4  <Block>
    .iar.dynexit     uninit   0x20000600     0xc  cppinit.o [3]
    .iar.dynexit     uninit   0x2000060c   0x1c8  <Block tail>
                            - 0x200007d4   0x7d4

"P2", part 2 of 3:                        0x23c8
  .bss               zero     0x200007d4   0x678  os_core.o [1]
  .bss               zero     0x20000e4c   0x500  main.o [1]
  .bss               zero     0x2000134c   0x4b0  app.o [1]
  .bss               zero     0x200017fc   0x400  lcd.o [1]
  .bss               zero     0x20001bfc   0x320  app.o [1]
  .bss               zero     0x20001f1c   0x280  app.o [1]
  .bss               zero     0x2000219c   0x200  os_core.o [1]
  .bss               zero     0x2000239c   0x200  os_core.o [1]
  .bss               zero     0x2000259c   0x140  app.o [1]
  .bss               zero     0x200026dc   0x140  app.o [1]
  .bss               zero     0x2000281c   0x140  os_core.o [1]
  .bss               zero     0x2000295c    0x8c  os_core.o [1]
  .bss               zero     0x200029e8    0x80  os_core.o [1]
  .bss               zero     0x20002a68    0x50  xfiles.o [3]
  .bss               zero     0x20002ab8    0x34  app.o [1]
  .bss               zero     0x20002aec    0x14  xsyslock.o [3]
  .bss               zero     0x20002b00    0x10  bsp.o [1]
  .bss               zero     0x20002b10     0xc  bsp.o [1]
  .bss               zero     0x20002b1c     0xc  fingerprint.o [1]
  .bss               zero     0x20002b28     0xc  fingerprint.o [1]
  .bss               zero     0x20002b34     0x8  xxmemxmalloc.o [3]
  .bss               zero     0x20002b3c     0x4  os_core.o [1]
  .bss               zero     0x20002b40     0x4  os_core.o [1]
  .bss               zero     0x20002b44     0x4  os_core.o [1]
  .bss               zero     0x20002b48     0x4  os_core.o [1]
  .bss               zero     0x20002b4c     0x4  os_core.o [1]
  .bss               zero     0x20002b50     0x4  os_core.o [1]
  .bss               zero     0x20002b54     0x4  os_core.o [1]
  .bss               zero     0x20002b58     0x4  os_core.o [1]
  .bss               zero     0x20002b5c     0x4  os_core.o [1]
  .bss               zero     0x20002b60     0x4  os_core.o [1]
  .bss               zero     0x20002b64     0x4  os_core.o [1]
  .bss               zero     0x20002b68     0x4  os_core.o [1]
  .bss               zero     0x20002b6c     0x4  xgetmemchunk.o [3]
  .bss               zero     0x20002b70     0x4  MtxWrapper.o [3]
  .bss               zero     0x20002b74     0x4  MtxWrapper.o [3]
  .bss               zero     0x20002b78     0x4  MtxWrapper.o [3]
  .bss               zero     0x20002b7c     0x4  MtxWrapper.o [3]
  .bss               zero     0x20002b80     0x4  iarwstd.o [5]
  .bss               zero     0x20002b84     0x1  app.o [1]
  .bss               zero     0x20002b85     0x1  app.o [1]
  .bss               zero     0x20002b86     0x1  app.o [1]
  .bss               zero     0x20002b87     0x1  app.o [1]
  .bss               zero     0x20002b88     0x1  app.o [1]
  .bss               zero     0x20002b89     0x1  app.o [1]
  .bss               zero     0x20002b8a     0x1  app.o [1]
  .bss               zero     0x20002b8b     0x1  app.o [1]
  .bss               zero     0x20002b8c     0x1  app.o [1]
  .bss               zero     0x20002b8d     0x1  app.o [1]
  .bss               zero     0x20002b8e     0x1  fingerprint.o [1]
  .bss               zero     0x20002b8f     0x1  os_core.o [1]
  .bss               zero     0x20002b90     0x1  os_core.o [1]
  .bss               zero     0x20002b91     0x1  os_core.o [1]
  .bss               zero     0x20002b92     0x1  os_core.o [1]
  .bss               zero     0x20002b93     0x1  os_core.o [1]
  .bss               zero     0x20002b94     0x1  os_core.o [1]
  .bss               zero     0x20002b95     0x1  os_core.o [1]
  .bss               zero     0x20002b96     0x1  os_core.o [1]
  .bss               zero     0x20002b97     0x1  os_core.o [1]
  .bss               zero     0x20002b98     0x1  os_core.o [1]
  .bss               zero     0x20002b99     0x1  stm32f10x_it.o [1]
  .bss               zero     0x20002b9a     0x1  stm32f10x_it.o [1]
                            - 0x20002b9b  0x23c7

"P2", part 3 of 3:                         0x928
  P2 s0                       0x20002b9c   0x928  <Init block>
    .data            inited   0x20002b9c   0x800  lcd.o [1]
    .data            inited   0x2000339c    0x84  setlocale.o [3]
    .data            inited   0x20003420    0x4c  localeconv.o [3]
    .data            inited   0x2000346c    0x40  xfiles.o [3]
    .data            inited   0x200034ac    0x10  stm32f10x_rcc.o [1]
    .data            inited   0x200034bc     0x4  stm32f10x_rcc.o [1]
    .data            inited   0x200034c0     0x4  cppinit.o [3]
                            - 0x200034c4   0x928


*******************************************************************************
*** INIT TABLE
***

          Address     Size
          -------     ----
Zero (__iar_zero_init2)
    1 destination range, total size 0x23c7:
          0x200007d4  0x23c7

Copy/packbits (__iar_packbits_init2)
    1 source range, total size 0x4d1 (52% of destination):
          0x08005abd   0x4d1
    1 destination range, total size 0x928:
          0x20002b9c   0x928


*******************************************************************************
*** MODULE SUMMARY
***

    Module                  ro code  ro data  rw data
    ------                  -------  -------  -------
D:\Documents\Academics\ELEC3300\Lab\SmartHouse-System\Project\EWARMv5\STM3210E debug\Obj: [1]
    app.o                     2 202      548    3 342
    bsp.o                     1 332                28
    cursor.o                  1 120       40
    fingerprint.o               988                25
    lcd.o                     1 192    1 077    3 072
    main.o                       44             1 280
    misc.o                      136
    os_core.o                 1 828      288    3 326
    os_cpu_a.o                  160
    os_cpu_c.o                  172
    os_flag.o                    84
    os_task.o                   912
    os_time.o                   308
    startup_stm32f10x_hd.o      608
    stm32f10x_fsmc.o            276
    stm32f10x_gpio.o            440
    stm32f10x_it.o              232                 2
    stm32f10x_rcc.o             820       10       20
    stm32f10x_tim.o             284
    stm32f10x_usart.o           402
    system_stm32f10x.o          336        4
    -------------------------------------------------
    Total:                   13 876    1 967   11 095

command line: [2]
    -------------------------------------------------
    Total:

dl7M_tl_if.a: [3]
    MtxWrapper.o                 48                16
    cppinit.o                   108        3       16
    div.o                        14
    exit.o                        6
    localeconv.o                 20       59       76
    printf.o                     32
    putchar.o                    12
    setlocale.o                  20       70      132
    strncmp.o                    44
    xdnorm.o                    180
    xdscale.o                   268
    xencoding_sb.o               84       16
    xfiles.o                              34      144
    xgetmemchunk.o               40                 4
    xlocale_c.o                           91
    xmbcurmax.o                  10
    xmbtowc.o                    32
    xprintffull.o             4 110       24
    xprout.o                     22
    xsyslock.o                  140                20
    xwctomb.o                    26
    xxmemxfree.o                136
    xxmemxmalloc.o              188                 8
    -------------------------------------------------
    Total:                    5 540      297      416

rt7M_tl.a: [4]
    ABImemcpy.o                 112
    DblAdd.o                    230
    DblCmpGe.o                   46
    DblCmpLe.o                   46
    DblDiv.o                    582
    DblMul.o                    418
    DblSub.o                    382
    DblToI32.o                   86
    I32ToDbl.o                   46
    I64DivMod.o                 302
    I64DivZer.o                   2
    cexit.o                      14
    cmain.o                      24
    data_init2.o                 32
    memchr.o                     88
    packbits_init2.o            148
    strchr.o                     22
    strlen.o                     54
    zero_init2.o                 26
    -------------------------------------------------
    Total:                    2 660

shb_l.a: [5]
    exit.o                       20
    iarwstd.o                    28                 4
    -------------------------------------------------
    Total:                       48                 4

    Gaps                         26        4
    Linker created                        44    1 992
-----------------------------------------------------
    Grand Total:             22 150    2 312   13 507


*******************************************************************************
*** ENTRY LIST
***

Entry                      Address   Size  Type      Object
-----                      -------   ----  ----      ------
.iar.dynexit$$Base      0x20000600          --   Gb  - Linker created -
.iar.dynexit$$Limit     0x200007d4          --   Gb  - Linker created -
ADC1_2_IRQHandler       0x08005a0f         Code  Wk  startup_stm32f10x_hd.o [1]
ADC3_IRQHandler         0x08005a83         Code  Wk  startup_stm32f10x_hd.o [1]
ADCPrescTable           0x200034bc    0x4  Data  Lc  stm32f10x_rcc.o [1]
APBAHBPrescTable        0x200034ac   0x10  Data  Lc  stm32f10x_rcc.o [1]
AddUser                 0x0800315b   0xd6  Code  Gb  fingerprint.o [1]
App_TCBInitHook         0x080019d9    0x2  Code  Gb  app.o [1]
App_TaskCreateHook      0x080019d1    0x2  Code  Gb  app.o [1]
App_TaskIdleHook        0x080019d3    0x2  Code  Gb  app.o [1]
App_TaskStatHook        0x080019d5    0x2  Code  Gb  app.o [1]
App_TaskSwHook          0x080019d7    0x2  Code  Gb  app.o [1]
BSP_Init                0x08002169   0x30  Code  Gb  bsp.o [1]
BusFault_Handler        0x08004a8b    0x2  Code  Gb  stm32f10x_it.o [1]
CAN1_RX1_IRQHandler     0x08005a1b         Code  Wk  startup_stm32f10x_hd.o [1]
CAN1_SCE_IRQHandler     0x08005a1f         Code  Wk  startup_stm32f10x_hd.o [1]
CSTACK$$Base            0x20000000          --   Gb  - Linker created -
CSTACK$$Limit           0x20000400          --   Gb  - Linker created -
ChineseTable            0x20002b9c  0x800  Data  Gb  lcd.o [1]
ClearAllUser            0x08003231   0x64  Code  Gb  fingerprint.o [1]
DMA1_Channel1_IRQHandler
                        0x080059f3         Code  Wk  startup_stm32f10x_hd.o [1]
DMA1_Channel2_IRQHandler
                        0x080059f7         Code  Wk  startup_stm32f10x_hd.o [1]
DMA1_Channel3_IRQHandler
                        0x080059fb         Code  Wk  startup_stm32f10x_hd.o [1]
DMA1_Channel4_IRQHandler
                        0x080059ff         Code  Wk  startup_stm32f10x_hd.o [1]
DMA1_Channel5_IRQHandler
                        0x08005a03         Code  Wk  startup_stm32f10x_hd.o [1]
DMA1_Channel6_IRQHandler
                        0x08005a07         Code  Wk  startup_stm32f10x_hd.o [1]
DMA1_Channel7_IRQHandler
                        0x08005a0b         Code  Wk  startup_stm32f10x_hd.o [1]
DMA2_Channel1_IRQHandler
                        0x08005aa7         Code  Wk  startup_stm32f10x_hd.o [1]
DMA2_Channel2_IRQHandler
                        0x08005aab         Code  Wk  startup_stm32f10x_hd.o [1]
DMA2_Channel3_IRQHandler
                        0x08005aaf         Code  Wk  startup_stm32f10x_hd.o [1]
DMA2_Channel4_5_IRQHandler
                        0x08005ab3         Code  Wk  startup_stm32f10x_hd.o [1]
DebugMon_Handler        0x08004a8f    0x2  Code  Gb  stm32f10x_it.o [1]
DtorRecArray            0x20000600    0xc  Data  Lc  cppinit.o [3]
EXTI0_IRQHandler        0x080059df         Code  Wk  startup_stm32f10x_hd.o [1]
EXTI15_10_IRQHandler    0x08005a67         Code  Wk  startup_stm32f10x_hd.o [1]
EXTI1_IRQHandler        0x080059e3         Code  Wk  startup_stm32f10x_hd.o [1]
EXTI2_IRQHandler        0x080059e7         Code  Wk  startup_stm32f10x_hd.o [1]
EXTI3_IRQHandler        0x080059eb         Code  Wk  startup_stm32f10x_hd.o [1]
EXTI4_IRQHandler        0x080059ef         Code  Wk  startup_stm32f10x_hd.o [1]
EXTI9_5_IRQHandler      0x08005a23         Code  Wk  startup_stm32f10x_hd.o [1]
FLASH_IRQHandler        0x080059d7         Code  Wk  startup_stm32f10x_hd.o [1]
FSMC_IRQHandler         0x08005a87         Code  Wk  startup_stm32f10x_hd.o [1]
FSMC_NORSRAMCmd         0x08004841   0x38  Code  Gb  stm32f10x_fsmc.o [1]
FSMC_NORSRAMInit        0x08004765   0xd8  Code  Gb  stm32f10x_fsmc.o [1]
GPIO_Configuration      0x08002349  0x11c  Code  Gb  bsp.o [1]
GPIO_DeInit             0x08003c25   0xcc  Code  Gb  stm32f10x_gpio.o [1]
GPIO_Init               0x08003cf1   0xcc  Code  Gb  stm32f10x_gpio.o [1]
GPIO_ReadInputDataBit   0x08003dbd   0x14  Code  Gb  stm32f10x_gpio.o [1]
GPIO_ResetBits          0x08003dd7    0x6  Code  Gb  stm32f10x_gpio.o [1]
GPIO_SetBits            0x08003dd1    0x6  Code  Gb  stm32f10x_gpio.o [1]
GetTimeOut              0x08003119   0x42  Code  Gb  fingerprint.o [1]
GetUserCount            0x08003055   0x42  Code  Gb  fingerprint.o [1]
GetcompareLevel         0x08003097   0x42  Code  Gb  fingerprint.o [1]
HEAP$$Base              0x20000400          --   Gb  - Linker created -
HEAP$$Limit             0x20000600          --   Gb  - Linker created -
HardFault_Handler       0x08004a87    0x2  Code  Gb  stm32f10x_it.o [1]
I2C1_ER_IRQHandler      0x08005a47         Code  Wk  startup_stm32f10x_hd.o [1]
I2C1_EV_IRQHandler      0x08005a43         Code  Wk  startup_stm32f10x_hd.o [1]
I2C2_ER_IRQHandler      0x08005a4f         Code  Wk  startup_stm32f10x_hd.o [1]
I2C2_EV_IRQHandler      0x08005a4b         Code  Wk  startup_stm32f10x_hd.o [1]
IsMasterUser            0x08003299   0x1a  Code  Gb  fingerprint.o [1]
LCD_Clear               0x08002999   0x5a  Code  Gb  lcd.o [1]
LCD_CtrlLinesConfig     0x080029f9   0x78  Code  Gb  lcd.o [1]
LCD_DrawChar            0x0800274d   0xdc  Code  Gb  lcd.o [1]
LCD_DrawDot             0x08002635   0x8a  Code  Gb  lcd.o [1]
LCD_DrawLine            0x08002703   0x24  Code  Gb  lcd.o [1]
LCD_EraseChar           0x08002829   0x42  Code  Gb  lcd.o [1]
LCD_EraseDot            0x080026bf   0x44  Code  Gb  lcd.o [1]
LCD_EraseLine           0x08002727   0x24  Code  Gb  lcd.o [1]
LCD_FSMCConfig          0x08002a71   0x6c  Code  Gb  lcd.o [1]
MemManage_Handler       0x08004a89    0x2  Code  Gb  stm32f10x_it.o [1]
NMI_Handler             0x08004a85    0x2  Code  Gb  stm32f10x_it.o [1]
NVIC_Configuration      0x080025c9   0x48  Code  Gb  bsp.o [1]
NVIC_Init               0x08005041   0x74  Code  Gb  misc.o [1]
NVIC_PriorityGroupConfig
                        0x08005031   0x10  Code  Gb  misc.o [1]
NVIC_SetPriority        0x08002101   0x2c  Code  Lc  bsp.o [1]
OSCPUUsage              0x20002b8f    0x1  Data  Gb  os_core.o [1]
OSCtxSw                 0x08004e9b         Code  Gb  os_cpu_a.o [1]
OSCtxSwCtr              0x20002b3c    0x4  Data  Gb  os_core.o [1]
OSEventFreeList         0x20002b40    0x4  Data  Gb  os_core.o [1]
OSEventTbl              0x2000281c  0x140  Data  Gb  os_core.o [1]
OSFlagFreeList          0x20002b44    0x4  Data  Gb  os_core.o [1]
OSFlagTbl               0x2000295c   0x8c  Data  Gb  os_core.o [1]
OSIdleCtr               0x20002b54    0x4  Data  Gb  os_core.o [1]
OSIdleCtrMax            0x20002b48    0x4  Data  Gb  os_core.o [1]
OSIdleCtrRun            0x20002b4c    0x4  Data  Gb  os_core.o [1]
OSInit                  0x080019dd   0x28  Code  Gb  os_core.o [1]
OSInitHookBegin         0x08004dc5    0x2  Code  Gb  os_cpu_c.o [1]
OSInitHookEnd           0x08004dc7    0x2  Code  Gb  os_cpu_c.o [1]
OSIntCtxSw              0x08004ea3         Code  Gb  os_cpu_a.o [1]
OSIntEnter              0x08001a05   0x24  Code  Gb  os_core.o [1]
OSIntExit               0x08001a29   0x94  Code  Gb  os_core.o [1]
OSIntNesting            0x20002b91    0x1  Data  Gb  os_core.o [1]
OSLockNesting           0x20002b92    0x1  Data  Gb  os_core.o [1]
OSPrioCur               0x20002b93    0x1  Data  Gb  os_core.o [1]
OSPrioHighRdy           0x20002b94    0x1  Data  Gb  os_core.o [1]
OSRdyGrp                0x20002b95    0x1  Data  Gb  os_core.o [1]
OSRdyTbl                0x20002b50    0x4  Data  Gb  os_core.o [1]
OSRunning               0x20002b96    0x1  Data  Gb  os_core.o [1]
OSStart                 0x08001abd   0x42  Code  Gb  os_core.o [1]
OSStartHighRdy          0x08004e7f         Code  Gb  os_cpu_a.o [1]
OSStatRdy               0x20002b90    0x1  Data  Gb  os_core.o [1]
OSTCBCur                0x20002b58    0x4  Data  Gb  os_core.o [1]
OSTCBFreeList           0x20002b5c    0x4  Data  Gb  os_core.o [1]
OSTCBHighRdy            0x20002b60    0x4  Data  Gb  os_core.o [1]
OSTCBInitHook           0x08004e65    0x8  Code  Gb  os_cpu_c.o [1]
OSTCBList               0x20002b64    0x4  Data  Gb  os_core.o [1]
OSTCBPrioTbl            0x200029e8   0x80  Data  Gb  os_core.o [1]
OSTCBTbl                0x200007d4  0x678  Data  Gb  os_core.o [1]
OSTaskCreate            0x08003319   0xaa  Code  Gb  os_task.o [1]
OSTaskCreateExt         0x080033c3   0xce  Code  Gb  os_task.o [1]
OSTaskCreateHook        0x08004dc9    0x8  Code  Gb  os_cpu_c.o [1]
OSTaskCtr               0x20002b97    0x1  Data  Gb  os_core.o [1]
OSTaskIdleHook          0x08004dd1    0x8  Code  Gb  os_cpu_c.o [1]
OSTaskIdleStk           0x2000239c  0x200  Data  Gb  os_core.o [1]
OSTaskNameSet           0x08003491   0xa2  Code  Gb  os_task.o [1]
OSTaskStatHook          0x08004dd9    0x8  Code  Gb  os_cpu_c.o [1]
OSTaskStatStk           0x2000219c  0x200  Data  Gb  os_core.o [1]
OSTaskStkChk            0x0800353d   0x8e  Code  Gb  os_task.o [1]
OSTaskStkInit           0x08004de1   0x7c  Code  Gb  os_cpu_c.o [1]
OSTaskSuspend           0x080035cb   0xb6  Code  Gb  os_task.o [1]
OSTaskSwHook            0x08004e5d    0x8  Code  Gb  os_cpu_c.o [1]
OSTickStepState         0x20002b98    0x1  Data  Gb  os_core.o [1]
OSTime                  0x20002b68    0x4  Data  Gb  os_core.o [1]
OSTimeDly               0x080043e5   0x68  Code  Gb  os_time.o [1]
OSTimeDlyHMSM           0x0800444d   0xa2  Code  Gb  os_time.o [1]
OSTimeSet               0x080044fd   0x18  Code  Gb  os_time.o [1]
OSTimeTick              0x08001b01   0xec  Code  Gb  os_core.o [1]
OSTimeTickHook          0x08004e6d    0x2  Code  Gb  os_cpu_c.o [1]
OSUnMapTbl              0x08004984  0x100  Data  Gb  os_core.o [1]
OS_CPU_PendSVHandler    0x08004eab         Code  Gb  os_cpu_a.o [1]
OS_CPU_SR_Restore       0x08004e79         Code  Gb  os_cpu_a.o [1]
OS_CPU_SR_Save          0x08004e71         Code  Gb  os_cpu_a.o [1]
OS_FlagInit             0x080052cd   0x50  Code  Gb  os_flag.o [1]
OS_InitEventList        0x08001bed   0x54  Code  Lc  os_core.o [1]
OS_InitMisc             0x08001c41   0x3e  Code  Lc  os_core.o [1]
OS_InitRdyList          0x08001c95   0x34  Code  Lc  os_core.o [1]
OS_InitTCBList          0x08001d55   0x60  Code  Lc  os_core.o [1]
OS_InitTaskIdle         0x08001ccd   0x44  Code  Lc  os_core.o [1]
OS_InitTaskStat         0x08001d11   0x44  Code  Lc  os_core.o [1]
OS_MemClr               0x08001dbd   0x12  Code  Gb  os_core.o [1]
OS_Sched                0x08001dcf   0x5c  Code  Gb  os_core.o [1]
OS_SchedNew             0x08001e45   0x20  Code  Lc  os_core.o [1]
OS_StrCopy              0x08001e75   0x1e  Code  Gb  os_core.o [1]
OS_StrLen               0x08001e93   0x14  Code  Gb  os_core.o [1]
OS_TCBInit              0x08001f8d  0x174  Code  Gb  os_core.o [1]
OS_TaskIdle             0x08001ea7   0x1c  Code  Gb  os_core.o [1]
OS_TaskStat             0x08001ec5   0x7c  Code  Gb  os_core.o [1]
OS_TaskStatStkChk       0x08001f49   0x44  Code  Gb  os_core.o [1]
OS_TaskStkClr           0x08003691   0x18  Code  Gb  os_task.o [1]
PVD_IRQHandler          0x080059cb         Code  Wk  startup_stm32f10x_hd.o [1]
RCC_ADCCLKConfig        0x08003811   0x14  Code  Gb  stm32f10x_rcc.o [1]
RCC_AHBPeriphClockCmd   0x080038f9   0x24  Code  Gb  stm32f10x_rcc.o [1]
RCC_APB1PeriphClockCmd  0x08003941   0x24  Code  Gb  stm32f10x_rcc.o [1]
RCC_APB2PeriphClockCmd  0x0800391d   0x24  Code  Gb  stm32f10x_rcc.o [1]
RCC_APB2PeriphResetCmd  0x08003965   0x24  Code  Gb  stm32f10x_rcc.o [1]
RCC_Configuration       0x08002471   0x72  Code  Gb  bsp.o [1]
RCC_DeInit              0x080036a9   0x5c  Code  Gb  stm32f10x_rcc.o [1]
RCC_GetClocksFreq       0x08003825   0xd0  Code  Gb  stm32f10x_rcc.o [1]
RCC_GetFlagStatus       0x08003989   0x44  Code  Gb  stm32f10x_rcc.o [1]
RCC_GetSYSCLKSource     0x080037c9    0xa  Code  Gb  stm32f10x_rcc.o [1]
RCC_HCLKConfig          0x080037d3   0x14  Code  Gb  stm32f10x_rcc.o [1]
RCC_HSEConfig           0x08003705   0x52  Code  Gb  stm32f10x_rcc.o [1]
RCC_IRQHandler          0x080059db         Code  Wk  startup_stm32f10x_hd.o [1]
RCC_Init                0x080022c9   0x80  Code  Gb  bsp.o [1]
RCC_PCLK1Config         0x080037e7   0x14  Code  Gb  stm32f10x_rcc.o [1]
RCC_PCLK2Config         0x080037fb   0x16  Code  Gb  stm32f10x_rcc.o [1]
RCC_PLLCmd              0x080037a9    0xc  Code  Gb  stm32f10x_rcc.o [1]
RCC_PLLConfig           0x08003791   0x16  Code  Gb  stm32f10x_rcc.o [1]
RCC_SYSCLKConfig        0x080037b5   0x14  Code  Gb  stm32f10x_rcc.o [1]
RCC_WaitForHSEStartUp   0x08003757   0x3a  Code  Gb  stm32f10x_rcc.o [1]
RTCAlarm_IRQHandler     0x08005a6b         Code  Wk  startup_stm32f10x_hd.o [1]
RTC_IRQHandler          0x080059d3         Code  Wk  startup_stm32f10x_hd.o [1]
Region$$Table$$Base     0x080055a0          --   Gb  - Linker created -
Region$$Table$$Limit    0x080055cc          --   Gb  - Linker created -
SDIO_IRQHandler         0x08005a8b         Code  Wk  startup_stm32f10x_hd.o [1]
SPI1_IRQHandler         0x08005a53         Code  Wk  startup_stm32f10x_hd.o [1]
SPI2_IRQHandler         0x08005a57         Code  Wk  startup_stm32f10x_hd.o [1]
SPI3_IRQHandler         0x08005a93         Code  Wk  startup_stm32f10x_hd.o [1]
STM3210E_LCD_Init       0x080028c5   0xd4  Code  Gb  lcd.o [1]
SVC_Handler             0x08004a91    0x2  Code  Gb  stm32f10x_it.o [1]
SetSysClock             0x080042ed    0x8  Code  Lc  system_stm32f10x.o [1]
SetSysClockTo72         0x080042f5   0xe8  Code  Lc  system_stm32f10x.o [1]
SetcompareLevel         0x080030d9   0x40  Code  Gb  fingerprint.o [1]
SysTick_Config          0x0800212d   0x3c  Code  Lc  bsp.o [1]
SysTick_Handler         0x08004a93   0x10  Code  Gb  stm32f10x_it.o [1]
SysTick_init            0x080022b1   0x18  Code  Gb  bsp.o [1]
SystemFrequency         0x0800599c    0x4  Data  Gb  system_stm32f10x.o [1]
SystemInit              0x08004295   0x58  Code  Gb  system_stm32f10x.o [1]
SystemInit_ExtMemCtl    0x0800564d         Code  Wk  startup_stm32f10x_hd.o [1]
TAMPER_IRQHandler       0x080059cf         Code  Wk  startup_stm32f10x_hd.o [1]
TIM1_BRK_IRQHandler     0x08005a27         Code  Wk  startup_stm32f10x_hd.o [1]
TIM1_CC_IRQHandler      0x08005a33         Code  Wk  startup_stm32f10x_hd.o [1]
TIM1_TRG_COM_IRQHandler
                        0x08005a2f         Code  Wk  startup_stm32f10x_hd.o [1]
TIM1_UP_IRQHandler      0x08005a2b         Code  Wk  startup_stm32f10x_hd.o [1]
TIM2_IRQHandler         0x08005a37         Code  Wk  startup_stm32f10x_hd.o [1]
TIM3_IRQHandler         0x08005a3b         Code  Wk  startup_stm32f10x_hd.o [1]
TIM4_IRQHandler         0x08005a3f         Code  Wk  startup_stm32f10x_hd.o [1]
TIM5_IRQHandler         0x08005a8f         Code  Wk  startup_stm32f10x_hd.o [1]
TIM6_IRQHandler         0x08005a9f         Code  Wk  startup_stm32f10x_hd.o [1]
TIM7_IRQHandler         0x08005aa3         Code  Wk  startup_stm32f10x_hd.o [1]
TIM8_BRK_IRQHandler     0x08005a73         Code  Wk  startup_stm32f10x_hd.o [1]
TIM8_CC_IRQHandler      0x08005a7f         Code  Wk  startup_stm32f10x_hd.o [1]
TIM8_TRG_COM_IRQHandler
                        0x08005a7b         Code  Wk  startup_stm32f10x_hd.o [1]
TIM8_UP_IRQHandler      0x08005a77         Code  Wk  startup_stm32f10x_hd.o [1]
TIM_Cmd                 0x08004701   0x1c  Code  Gb  stm32f10x_tim.o [1]
TIM_Configuration       0x08002199  0x118  Code  Gb  bsp.o [1]
TIM_OC1Init             0x0800467f   0x78  Code  Gb  stm32f10x_tim.o [1]
TIM_OCInitStructure     0x20002b00   0x10  Data  Gb  bsp.o [1]
TIM_SelectInputTrigger  0x0800471d   0x12  Code  Gb  stm32f10x_tim.o [1]
TIM_SelectMasterSlaveMode
                        0x08004753   0x12  Code  Gb  stm32f10x_tim.o [1]
TIM_SelectOutputTrigger
                        0x0800472f   0x12  Code  Gb  stm32f10x_tim.o [1]
TIM_SelectSlaveMode     0x08004741   0x12  Code  Gb  stm32f10x_tim.o [1]
TIM_TimeBaseInit        0x08004649   0x36  Code  Gb  stm32f10x_tim.o [1]
TIM_TimeBaseStructure   0x20002b10    0xc  Data  Gb  bsp.o [1]
Task_Curtain            0x08001725  0x270  Code  Lc  app.o [1]
Task_FP                 0x080013e1  0x340  Code  Lc  app.o [1]
Task_LED                0x08001999   0x34  Code  Lc  app.o [1]
Task_Manager            0x080011b5  0x1cc  Code  Lc  app.o [1]
Task_Start              0x08001141   0x74  Code  Gb  app.o [1]
Task_Update             0x08001381   0x5c  Code  Lc  app.o [1]
TxAndRsCmd              0x08002f6d   0xe8  Code  Gb  fingerprint.o [1]
TxByte                  0x08002f4d   0x20  Code  Gb  fingerprint.o [1]
UART4_IRQHandler        0x08005a97         Code  Wk  startup_stm32f10x_hd.o [1]
UART5_IRQHandler        0x08005a9b         Code  Wk  startup_stm32f10x_hd.o [1]
USART1_IRQHandler       0x08004aa5   0x80  Code  Gb  stm32f10x_it.o [1]
USART2_IRQHandler       0x08004b25   0x48  Code  Gb  stm32f10x_it.o [1]
USART3_IRQHandler       0x08005a63         Code  Wk  startup_stm32f10x_hd.o [1]
USART_Cmd               0x08004015   0x1c  Code  Gb  stm32f10x_usart.o [1]
USART_Config            0x080024e5   0xe0  Code  Gb  bsp.o [1]
USART_GetFlagStatus     0x08004093   0x1c  Code  Gb  stm32f10x_usart.o [1]
USART_GetITStatus       0x080040af   0x64  Code  Gb  stm32f10x_usart.o [1]
USART_ITConfig          0x08004031   0x52  Code  Gb  stm32f10x_usart.o [1]
USART_Init              0x08003f81   0x90  Code  Gb  stm32f10x_usart.o [1]
USART_ReceiveData       0x0800408b    0x8  Code  Gb  stm32f10x_usart.o [1]
USART_SendData          0x08004083    0x8  Code  Gb  stm32f10x_usart.o [1]
USBWakeUp_IRQHandler    0x08005a6f         Code  Wk  startup_stm32f10x_hd.o [1]
USB_HP_CAN1_TX_IRQHandler
                        0x08005a13         Code  Wk  startup_stm32f10x_hd.o [1]
USB_LP_CAN1_RX0_IRQHandler
                        0x08005a17         Code  Wk  startup_stm32f10x_hd.o [1]
UsageFault_Handler      0x08004a8d    0x2  Code  Gb  stm32f10x_it.o [1]
VerifyUser              0x080032b3   0x5c  Code  Gb  fingerprint.o [1]
WWDG_IRQHandler         0x080059c7         Code  Wk  startup_stm32f10x_hd.o [1]
_EncodingSb_Mbtowc      0x08005341   0x34  Code  Gb  xencoding_sb.o [3]
_EncodingSb_Wctomb      0x08005321   0x20  Code  Gb  xencoding_sb.o [3]
_GenldDefault           0x08000ebd  0x250  Code  Lc  xprintffull.o [3]
_IsdstStr               0x200033c0    0x4  Data  Gb  setlocale.o [3]
_LdtobDefault           0x08000aa5  0x418  Code  Lc  xprintffull.o [3]
_LitobDefault           0x08000999  0x10c  Code  Lc  xprintffull.o [3]
_LocaleC_lconv          0x08005374   0x48  Data  Gb  xlocale_c.o [3]
_LocaleEncoding         0x08005801   0x10  Code  Gb  setlocale.o [3]
_LocaleReturnString     0x200033d0   0x50  Data  Lc  setlocale.o [3]
_Locale_LconvArray      0x200033cc    0x4  Data  Gb  setlocale.o [3]
_Locale_Profile         0x2000339c   0x1c  Data  Gb  setlocale.o [3]
_Locale_lconv           0x20003424   0x48  Data  Gb  localeconv.o [3]
_Mbtowc                 0x0800562d   0x20  Code  Gb  xmbtowc.o [3]
_Printf                 0x08000131  0x59c  Code  Gb  xprintffull.o [3]
_Prout                  0x0800575f   0x16  Code  Gb  xprout.o [3]
_PutcharsDefault        0x0800110d   0x32  Code  Lc  xprintffull.o [3]
_PutstrDefault          0x080006cd  0x2cc  Code  Lc  xprintffull.o [3]
_TzoneStr               0x200033b8    0x4  Data  Gb  setlocale.o [3]
_Wctomb                 0x08005685   0x1a  Code  Gb  xwctomb.o [3]
__aeabi_cdcmple         0x08005425         Code  Gb  DblCmpLe.o [4]
__aeabi_cdrcmple        0x08005455         Code  Gb  DblCmpGe.o [4]
__aeabi_d2iz            0x08005275         Code  Gb  DblToI32.o [4]
__aeabi_d2uiz           0x080052a1         Code  Gb  DblToI32.o [4]
__aeabi_dadd            0x08004b6d         Code  Gb  DblAdd.o [4]
__aeabi_ddiv            0x080039dd         Code  Gb  DblDiv.o [4]
__aeabi_dmul            0x08003ddd         Code  Gb  DblMul.o [4]
__aeabi_dsub            0x08004115         Code  Gb  DblSub.o [4]
__aeabi_i2d             0x08005485         Code  Gb  I32ToDbl.o [4]
__aeabi_ldiv0           0x080059a1         Code  Gb  I64DivZer.o [4]
__aeabi_ldivmod         0x08004519         Code  Gb  I64DivMod.o [4]
__aeabi_memcpy          0x08005141         Code  Gb  ABImemcpy.o [4]
__aeabi_memcpy4         0x0800515b         Code  Gb  ABImemcpy.o [4]
__aeabi_memcpy8         0x0800515b         Code  Gb  ABImemcpy.o [4]
__aeabi_ui2d            0x08005499         Code  Gb  I32ToDbl.o [4]
__aeabi_uldivmod        0x0800452d         Code  Gb  I64DivMod.o [4]
__call_dtors            0x080051d9    0x4  Code  Gb  cppinit.o [3]
__cstart_call_dtors     0x08005897         Code  Gb  cexit.o [4]
__cxa_atexit            0x080051b1   0x28  Code  Gb  cppinit.o [3]
__cxa_finalize          0x080051dd   0x3c  Code  Gb  cppinit.o [3]
__data_Aldata           0x20002b34    0x8  Data  Gb  xxmemxmalloc.o [3]
__data_GetMemChunk      0x0800550d   0x28  Code  Gb  xgetmemchunk.o [3]
__exit                  0x080057ed   0x14  Code  Gb  exit.o [5]
__iar_Dnorm             0x08004d11   0xb4  Code  Gb  xdnorm.o [3]
__iar_Dscale            0x08004879  0x10c  Code  Gb  xdscale.o [3]
__iar_Locksyslock       0x08004fcd   0x4c  Code  Gb  xsyslock.o [3]
__iar_Mbcurmax          0x08005929    0xa  Code  Gb  xmbcurmax.o [3]
__iar_Memchr            0x0800521d         Code  Gb  memchr.o [4]
__iar_Mtxdst            0x080053fb    0x4  Code  Gb  MtxWrapper.o [3]
__iar_Mtxinit           0x080053f5    0x6  Code  Gb  MtxWrapper.o [3]
__iar_Mtxlock           0x08005409    0x6  Code  Gb  MtxWrapper.o [3]
__iar_Mtxunlock         0x0800540f    0x6  Code  Gb  MtxWrapper.o [3]
__iar_Stdout            0x2000346c   0x40  Data  Gb  xfiles.o [3]
__iar_Strchr            0x08005749         Code  Gb  strchr.o [4]
__iar_Tls_setup__IsdstStr
                        0x200033c4    0x4  Data  Gb  setlocale.o [3]
__iar_Tls_setup__Locale_Profile
                        0x200033c8    0x4  Data  Gb  setlocale.o [3]
__iar_Tls_setup__Locale_lconv
                        0x20003420    0x4  Data  Gb  localeconv.o [3]
__iar_Tls_setup__TzoneStr
                        0x200033bc    0x4  Data  Gb  setlocale.o [3]
__iar_Unlocksyslock     0x08005019   0x14  Code  Gb  xsyslock.o [3]
__iar_d2uiz             0x080052ab         Code  Gb  DblToI32.o [4]
__iar_dadd              0x08004b7f         Code  Gb  DblAdd.o [4]
__iar_data_init2        0x0800560d   0x20  Code  Gb  data_init2.o [4]
__iar_dsub              0x08004127         Code  Gb  DblSub.o [4]
__iar_dsubStart         0x08004139         Code  Gb  DblSub.o [4]
__iar_packbits_init2    0x08004f11   0x94  Code  Gb  packbits_init2.o [4]
__iar_program_start     0x08005731         Code  Gb  cmain.o [4]
__iar_sh_stdout_close   0x08005669   0x16  Code  Gb  iarwstd.o [5]
__iar_sh_stdout_handle  0x20002b80    0x4  Data  Lc  iarwstd.o [5]
__iar_ui2d              0x0800549b         Code  Gb  I32ToDbl.o [4]
__iar_zero_init2        0x0800569f   0x1a  Code  Gb  zero_init2.o [4]
__low_level_init        0x0800564f         Code  Gb  startup_stm32f10x_hd.o [1]
__vector_table          0x08000000         Data  Gb  startup_stm32f10x_hd.o [1]
_exit                   0x08005895         Code  Gb  cexit.o [4]
_main                   0x08005743         Code  Gb  cmain.o [4]
ac_on                   0x20002b8a    0x1  Data  Lc  app.o [1]
attempts                0x20002b89    0x1  Data  Lc  app.o [1]
c                       0x20002b9a    0x1  Data  Lc  stm32f10x_it.o [1]
clearlocks              0x08004fa5   0x26  Code  Lc  xsyslock.o [3]
cmdLength               0x20002b85    0x1  Data  Gb  app.o [1]
cmdReadyFlag            0x20002b86    0x1  Data  Gb  app.o [1]
curtain_open            0x20002b8b    0x1  Data  Lc  app.o [1]
delay                   0x08002f3d   0x10  Code  Lc  fingerprint.o [1]
delay                   0x08002871   0x20  Code  Gb  lcd.o [1]
detect_cursor           0x08002dbd   0x3c  Code  Gb  cursor.o [1]
detect_number           0x08002df9   0xe6  Code  Gb  cursor.o [1]
div                     0x080058a3    0xe  Code  Gb  div.o [3]
down                    0x08002b49   0x6c  Code  Gb  cursor.o [1]
exit                    0x08005995    0x6  Code  Gb  exit.o [3]
fpOperation             0x20002b87    0x1  Data  Lc  app.o [1]
fputc                   0x08002611   0x20  Code  Gb  bsp.o [1]
free                    0x080050b9   0x88  Code  Gb  xxmemxfree.o [3]
gRsBuf                  0x20002b1c    0xc  Data  Gb  fingerprint.o [1]
gRsLength               0x20002b8e    0x1  Data  Gb  fingerprint.o [1]
gTxBuf                  0x20002b28    0xc  Data  Gb  fingerprint.o [1]
left                    0x08002c5f   0xb0  Code  Gb  cursor.o [1]
localeconv              0x080057d9   0x14  Code  Gb  localeconv.o [3]
mRsBuf                  0x20002ab8   0x34  Data  Gb  app.o [1]
mRsLength               0x20002b84    0x1  Data  Gb  app.o [1]
main                    0x080054b5   0x2c  Code  Gb  main.o [1]
malloc                  0x08004c55   0xbc  Code  Gb  xxmemxmalloc.o [3]
memchr                  0x0800521d         Code  Gb  memchr.o [4]
mtx                     0x20002af0   0x10  Data  Lc  xsyslock.o [3]
mtxdst                  0x20002b74    0x4  Data  Lc  MtxWrapper.o [3]
mtxinit                 0x20002b70    0x4  Data  Lc  MtxWrapper.o [3]
mtxlock                 0x20002b78    0x4  Data  Lc  MtxWrapper.o [3]
mtxunlock               0x20002b7c    0x4  Data  Lc  MtxWrapper.o [3]
next_abi_dtor_rec       0x200034c0    0x4  Data  Lc  cppinit.o [3]
num_user                0x20002b8d    0x1  Data  Lc  app.o [1]
obuf                    0x20002a68   0x50  Data  Lc  xfiles.o [3]
power_delay             0x080028a9   0x1c  Code  Gb  lcd.o [1]
print_screen            0x08002edf   0x54  Code  Gb  cursor.o [1]
printf                  0x080055ed   0x20  Code  Gb  printf.o [3]
putchar                 0x0800591d    0xc  Code  Gb  putchar.o [3]
reset_delay             0x08002891   0x18  Code  Gb  lcd.o [1]
right                   0x08002d0f   0xae  Code  Gb  cursor.o [1]
set                     0x08002bb5   0xaa  Code  Gb  cursor.o [1]
startFlag               0x20002b99    0x1  Data  Lc  stm32f10x_it.o [1]
startup_task_stk        0x20000e4c  0x500  Data  Lc  main.o [1]
strchr                  0x08005749         Code  Gb  strchr.o [4]
strlen                  0x080053bd         Code  Gb  strlen.o [4]
strncmp                 0x080054e1   0x2c  Code  Gb  strncmp.o [3]
sysState                0x20002b88    0x1  Data  Lc  app.o [1]
syslock_o               0x20002aec    0x4  Data  Lc  xsyslock.o [3]
task_curtain_stk        0x2000134c  0x4b0  Data  Lc  app.o [1]
task_fp_stk             0x20001bfc  0x320  Data  Lc  app.o [1]
task_led_stk            0x2000259c  0x140  Data  Lc  app.o [1]
task_manager_stk        0x20001f1c  0x280  Data  Lc  app.o [1]
task_update_stk         0x200026dc  0x140  Data  Lc  app.o [1]
tempbuffer              0x200017fc  0x400  Data  Gb  lcd.o [1]
temperature             0x20002b8c    0x1  Data  Lc  app.o [1]
up                      0x08002add   0x6c  Code  Gb  cursor.o [1]


[1] = D:\Documents\Academics\ELEC3300\Lab\SmartHouse-System\Project\EWARMv5\STM3210E debug\Obj
[2] = command line
[3] = dl7M_tl_if.a
[4] = rt7M_tl.a
[5] = shb_l.a

  22 150 bytes of readonly  code memory
   2 312 bytes of readonly  data memory
  13 507 bytes of readwrite data memory

Errors: none
Warnings: none
